Component: ARM Compiler 5.06 update 4 (build 422) Tool: armlink [4d35d2]

==============================================================================

Section Cross References

    gpio.o(i.MX_GPIO_Init) refers to stm32l0xx_hal_gpio.o(i.HAL_GPIO_WritePin) for HAL_GPIO_WritePin
    gpio.o(i.MX_GPIO_Init) refers to stm32l0xx_hal_gpio.o(i.HAL_GPIO_Init) for HAL_GPIO_Init
    stm32l0xx_it.o(i.DMA1_Channel2_3_IRQHandler) refers to stm32l0xx_hal_dma.o(i.HAL_DMA_IRQHandler) for HAL_DMA_IRQHandler
    stm32l0xx_it.o(i.DMA1_Channel2_3_IRQHandler) refers to spi.o(.bss) for hdma_spi1_rx
    stm32l0xx_it.o(i.SysTick_Handler) refers to stm32l0xx_hal.o(i.HAL_IncTick) for HAL_IncTick
    stm32l0xx_it.o(i.SysTick_Handler) refers to stm32l0xx_hal_cortex.o(i.HAL_SYSTICK_IRQHandler) for HAL_SYSTICK_IRQHandler
    main.o(i.OnMaster) refers to main.o(i.RFWrite) for RFWrite
    main.o(i.OnMaster) refers to main.o(i.RFRead) for RFRead
    main.o(i.OnMaster) refers to main.o(.data) for .data
    main.o(i.OnSlave) refers to main.o(i.RFRead) for RFRead
    main.o(i.OnSlave) refers to main.o(i.RFWrite) for RFWrite
    main.o(i.OnSlave) refers to oled.o(i.OLED_ShowNum) for OLED_ShowNum
    main.o(i.OnSlave) refers to main.o(.data) for .data
    main.o(i.RFRead) refers to main.o(.data) for .data
    main.o(i.RFWrite) refers to main.o(.data) for .data
    main.o(i.SystemClock_Config) refers to stm32l0xx_hal_rcc.o(i.HAL_RCC_OscConfig) for HAL_RCC_OscConfig
    main.o(i.SystemClock_Config) refers to stm32l0xx_hal_rcc.o(i.HAL_RCC_ClockConfig) for HAL_RCC_ClockConfig
    main.o(i.SystemClock_Config) refers to stm32l0xx_hal_rcc_ex.o(i.HAL_RCCEx_PeriphCLKConfig) for HAL_RCCEx_PeriphCLKConfig
    main.o(i.SystemClock_Config) refers to stm32l0xx_hal_rcc.o(i.HAL_RCC_GetHCLKFreq) for HAL_RCC_GetHCLKFreq
    main.o(i.SystemClock_Config) refers to uidiv.o(.text) for __aeabi_uidivmod
    main.o(i.SystemClock_Config) refers to stm32l0xx_hal_cortex.o(i.HAL_SYSTICK_Config) for HAL_SYSTICK_Config
    main.o(i.SystemClock_Config) refers to stm32l0xx_hal_cortex.o(i.HAL_SYSTICK_CLKSourceConfig) for HAL_SYSTICK_CLKSourceConfig
    main.o(i.SystemClock_Config) refers to stm32l0xx_hal_cortex.o(i.HAL_NVIC_SetPriority) for HAL_NVIC_SetPriority
    main.o(i.main) refers to stm32l0xx_hal.o(i.HAL_Init) for HAL_Init
    main.o(i.main) refers to main.o(i.SystemClock_Config) for SystemClock_Config
    main.o(i.main) refers to gpio.o(i.MX_GPIO_Init) for MX_GPIO_Init
    main.o(i.main) refers to dma.o(i.MX_DMA_Init) for MX_DMA_Init
    main.o(i.main) refers to adc.o(i.MX_ADC_Init) for MX_ADC_Init
    main.o(i.main) refers to usart.o(i.MX_USART1_UART_Init) for MX_USART1_UART_Init
    main.o(i.main) refers to spi.o(i.MX_SPI1_Init) for MX_SPI1_Init
    main.o(i.main) refers to i2c.o(i.MX_I2C1_Init) for MX_I2C1_Init
    main.o(i.main) refers to oled.o(i.OLED_Init) for OLED_Init
    main.o(i.main) refers to oled.o(i.OLED_ShowString) for OLED_ShowString
    main.o(i.main) refers to stm32l0xx_hal.o(i.HAL_Delay) for HAL_Delay
    main.o(i.main) refers to oled.o(i.OLED_Clear) for OLED_Clear
    main.o(i.main) refers to sx1276-hal.o(i.SX1276Read) for SX1276Read
    main.o(i.main) refers to radio.o(i.RadioDriverInit) for RadioDriverInit
    main.o(i.main) refers to oled.o(i.OLED_ShowNum) for OLED_ShowNum
    main.o(i.main) refers to main.o(i.OnSlave) for OnSlave
    main.o(i.main) refers to sx1276-lora.o(i.SX1276LoRaGetPacketRssi) for SX1276LoRaGetPacketRssi
    main.o(i.main) refers to dfixui.o(.text) for __aeabi_d2uiz
    main.o(i.main) refers to main.o(.data) for .data
    i2c.o(i.HAL_I2C_MspDeInit) refers to stm32l0xx_hal_gpio.o(i.HAL_GPIO_DeInit) for HAL_GPIO_DeInit
    i2c.o(i.HAL_I2C_MspInit) refers to stm32l0xx_hal_gpio.o(i.HAL_GPIO_Init) for HAL_GPIO_Init
    i2c.o(i.MX_I2C1_Init) refers to stm32l0xx_hal_i2c.o(i.HAL_I2C_Init) for HAL_I2C_Init
    i2c.o(i.MX_I2C1_Init) refers to main.o(i.Error_Handler) for Error_Handler
    i2c.o(i.MX_I2C1_Init) refers to stm32l0xx_hal_i2c_ex.o(i.HAL_I2CEx_ConfigAnalogFilter) for HAL_I2CEx_ConfigAnalogFilter
    i2c.o(i.MX_I2C1_Init) refers to stm32l0xx_hal_i2c_ex.o(i.HAL_I2CEx_ConfigDigitalFilter) for HAL_I2CEx_ConfigDigitalFilter
    i2c.o(i.MX_I2C1_Init) refers to stm32l0xx_hal_i2c_ex.o(i.HAL_I2CEx_EnableFastModePlus) for HAL_I2CEx_EnableFastModePlus
    i2c.o(i.MX_I2C1_Init) refers to i2c.o(.bss) for .bss
    usart.o(i.HAL_UART_MspDeInit) refers to stm32l0xx_hal_gpio.o(i.HAL_GPIO_DeInit) for HAL_GPIO_DeInit
    usart.o(i.HAL_UART_MspInit) refers to stm32l0xx_hal_gpio.o(i.HAL_GPIO_Init) for HAL_GPIO_Init
    usart.o(i.MX_USART1_UART_Init) refers to stm32l0xx_hal_uart.o(i.HAL_UART_Init) for HAL_UART_Init
    usart.o(i.MX_USART1_UART_Init) refers to main.o(i.Error_Handler) for Error_Handler
    usart.o(i.MX_USART1_UART_Init) refers to usart.o(.bss) for .bss
    adc.o(i.HAL_ADC_MspDeInit) refers to stm32l0xx_hal_gpio.o(i.HAL_GPIO_DeInit) for HAL_GPIO_DeInit
[...]
    Removing stm32l0xx_hal_spi.o(.revsh_text), (4 bytes).
    Removing stm32l0xx_hal_spi.o(i.HAL_SPI_DMAPause), (46 bytes).
    Removing stm32l0xx_hal_spi.o(i.HAL_SPI_DMAResume), (44 bytes).
    Removing stm32l0xx_hal_spi.o(i.HAL_SPI_DMAStop), (54 bytes).
    Removing stm32l0xx_hal_spi.o(i.HAL_SPI_DeInit), (44 bytes).
    Removing stm32l0xx_hal_spi.o(i.HAL_SPI_GetError), (4 bytes).
    Removing stm32l0xx_hal_spi.o(i.HAL_SPI_GetState), (6 bytes).
    Removing stm32l0xx_hal_spi.o(i.HAL_SPI_IRQHandler), (194 bytes).
    Removing stm32l0xx_hal_spi.o(i.HAL_SPI_MspDeInit), (2 bytes).
    Removing stm32l0xx_hal_spi.o(i.HAL_SPI_MspInit), (2 bytes).
    Removing stm32l0xx_hal_spi.o(i.HAL_SPI_Receive), (468 bytes).
    Removing stm32l0xx_hal_spi.o(i.HAL_SPI_Receive_DMA), (228 bytes).
    Removing stm32l0xx_hal_spi.o(i.HAL_SPI_Receive_IT), (172 bytes).
    Removing stm32l0xx_hal_spi.o(i.HAL_SPI_Transmit), (336 bytes).
    Removing stm32l0xx_hal_spi.o(i.HAL_SPI_TransmitReceive), (684 bytes).
    Removing stm32l0xx_hal_spi.o(i.HAL_SPI_TransmitReceive_IT), (164 bytes).
    Removing stm32l0xx_hal_spi.o(i.HAL_SPI_Transmit_DMA), (208 bytes).
    Removing stm32l0xx_hal_spi.o(i.HAL_SPI_Transmit_IT), (160 bytes).
    Removing stm32l0xx_hal_spi.o(i.HAL_SPI_TxCpltCallback), (2 bytes).
    Removing stm32l0xx_hal_spi.o(i.HAL_SPI_TxHalfCpltCallback), (2 bytes).
    Removing stm32l0xx_hal_spi.o(i.SPI_2LinesRxISR), (48 bytes).
    Removing stm32l0xx_hal_spi.o(i.SPI_DMAHalfTransmitCplt), (10 bytes).
    Removing stm32l0xx_hal_spi.o(i.SPI_DMATransmitCplt), (112 bytes).
    Removing stm32l0xx_hal_spi.o(i.SPI_RxCloseIRQHandler), (208 bytes).
    Removing stm32l0xx_hal_spi.o(i.SPI_RxISR), (78 bytes).
    Removing stm32l0xx_hal_spi.o(i.SPI_TxCloseIRQHandler), (132 bytes).
    Removing stm32l0xx_hal_spi.o(i.SPI_TxISR), (72 bytes).
    Removing dsqrt.o(.text), (162 bytes).

482 unused section(s) (total 29910 bytes) removed from the image.

==============================================================================

Image Symbol Table

    Local Symbols

    Symbol Name                              Value     Ov Type        Size  Object(Section)

    ../Drivers/STM32L0xx_HAL_Driver/Src/stm32l0xx_hal.c 0x00000000   Number         0  stm32l0xx_hal.o ABSOLUTE
    ../Drivers/STM32L0xx_HAL_Driver/Src/stm32l0xx_hal_adc.c 0x00000000   Number         0  stm32l0xx_hal_adc.o ABSOLUTE
    ../Drivers/STM32L0xx_HAL_Driver/Src/stm32l0xx_hal_adc_ex.c 0x00000000   Number         0  stm32l0xx_hal_adc_ex.o ABSOLUTE
    ../Drivers/STM32L0xx_HAL_Driver/Src/stm32l0xx_hal_cortex.c 0x00000000   Number         0  stm32l0xx_hal_cortex.o ABSOLUTE
    ../Drivers/STM32L0xx_HAL_Driver/Src/stm32l0xx_hal_dma.c 0x00000000   Number         0  stm32l0xx_hal_dma.o ABSOLUTE
    ../Drivers/STM32L0xx_HAL_Driver/Src/stm32l0xx_hal_flash.c 0x00000000   Number         0  stm32l0xx_hal_flash.o ABSOLUTE
    ../Drivers/STM32L0xx_HAL_Driver/Src/stm32l0xx_hal_flash_ex.c 0x00000000   Number         0  stm32l0xx_hal_flash_ex.o ABSOLUTE
    ../Drivers/STM32L0xx_HAL_Driver/Src/stm32l0xx_hal_flash_ramfunc.c 0x00000000   Number         0  stm32l0xx_hal_flash_ramfunc.o ABSOLUTE
    ../Drivers/STM32L0xx_HAL_Driver/Src/stm32l0xx_hal_gpio.c 0x00000000   Number         0  stm32l0xx_hal_gpio.o ABSOLUTE
    ../Drivers/STM32L0xx_HAL_Driver/Src/stm32l0xx_hal_i2c.c 0x00000000   Number         0  stm32l0xx_hal_i2c.o ABSOLUTE
    ../Drivers/STM32L0xx_HAL_Driver/Src/stm32l0xx_hal_i2c_ex.c 0x00000000   Number         0  stm32l0xx_hal_i2c_ex.o ABSOLUTE
    ../Drivers/STM32L0xx_HAL_Driver/Src/stm32l0xx_hal_pwr.c 0x00000000   Number         0  stm32l0xx_hal_pwr.o ABSOLUTE
    ../Drivers/STM32L0xx_HAL_Driver/Src/stm32l0xx_hal_pwr_ex.c 0x00000000   Number         0  stm32l0xx_hal_pwr_ex.o ABSOLUTE
    ../Drivers/STM32L0xx_HAL_Driver/Src/stm32l0xx_hal_rcc.c 0x00000000   Number         0  stm32l0xx_hal_rcc.o ABSOLUTE
    ../Drivers/STM32L0xx_HAL_Driver/Src/stm32l0xx_hal_rcc_ex.c 0x00000000   Number         0  stm32l0xx_hal_rcc_ex.o ABSOLUTE
    ../Drivers/STM32L0xx_HAL_Driver/Src/stm32l0xx_hal_spi.c 0x00000000   Number         0  stm32l0xx_hal_spi.o ABSOLUTE
    ../Drivers/STM32L0xx_HAL_Driver/Src/stm32l0xx_hal_tim.c 0x00000000   Number         0  stm32l0xx_hal_tim.o ABSOLUTE
    ../Drivers/STM32L0xx_HAL_Driver/Src/stm32l0xx_hal_tim_ex.c 0x00000000   Number         0  stm32l0xx_hal_tim_ex.o ABSOLUTE
    ../Drivers/STM32L0xx_HAL_Driver/Src/stm32l0xx_hal_uart.c 0x00000000   Number         0  stm32l0xx_hal_uart.o ABSOLUTE
    ../Drivers/STM32L0xx_HAL_Driver/Src/stm32l0xx_hal_uart_ex.c 0x00000000   Number         0  stm32l0xx_hal_uart_ex.o ABSOLUTE
    ../Src/adc.c                             0x00000000   Number         0  adc.o ABSOLUTE
    ../Src/dma.c                             0x00000000   Number         0  dma.o ABSOLUTE
    ../Src/gpio.c                            0x00000000   Number         0  gpio.o ABSOLUTE
    ../Src/i2c.c                             0x00000000   Number         0  i2c.o ABSOLUTE
    ../Src/main.c                            0x00000000   Number         0  main.o ABSOLUTE
    ../Src/spi.c                             0x00000000   Number         0  spi.o ABSOLUTE
    ../Src/stm32l0xx_hal_msp.c               0x00000000   Number         0  stm32l0xx_hal_msp.o ABSOLUTE
    ../Src/stm32l0xx_it.c                    0x00000000   Number         0  stm32l0xx_it.o ABSOLUTE
    ../Src/system_stm32l0xx.c                0x00000000   Number         0  system_stm32l0xx.o ABSOLUTE
    ../Src/usart.c                           0x00000000   Number         0  usart.o ABSOLUTE
    ../clib/microlib/division.c              0x00000000   Number         0  uldiv.o ABSOLUTE
    ../clib/microlib/division.c              0x00000000   Number         0  uidiv.o ABSOLUTE
    ../clib/microlib/errno.c                 0x00000000   Number         0  errno.o ABSOLUTE
    ../clib/microlib/init/entry.s            0x00000000   Number         0  entry8b.o ABSOLUTE
    ../clib/microlib/init/entry.s            0x00000000   Number         0  entry9a.o ABSOLUTE
    ../clib/microlib/init/entry.s            0x00000000   Number         0  entry11b.o ABSOLUTE
    ../clib/microlib/init/entry.s            0x00000000   Number         0  entry10b.o ABSOLUTE
    ../clib/microlib/init/entry.s            0x00000000   Number         0  entry10a.o ABSOLUTE
    ../clib/microlib/init/entry.s            0x00000000   Number         0  entry9b.o ABSOLUTE
    ../clib/microlib/init/entry.s            0x00000000   Number         0  entry.o ABSOLUTE
    ../clib/microlib/init/entry.s            0x00000000   Number         0  entry2.o ABSOLUTE
    ../clib/microlib/init/entry.s            0x00000000   Number         0  entry5.o ABSOLUTE
    ../clib/microlib/init/entry.s            0x00000000   Number         0  entry11a.o ABSOLUTE
    ../clib/microlib/init/entry.s            0x00000000   Number         0  entry7a.o ABSOLUTE
    ../clib/microlib/init/entry.s            0x00000000   Number         0  entry7b.o ABSOLUTE
    ../clib/microlib/init/entry.s            0x00000000   Number         0  entry8a.o ABSOLUTE
    ../clib/microlib/longlong.c              0x00000000   Number         0  llushr.o ABSOLUTE
    ../clib/microlib/longlong.c              0x00000000   Number         0  llshl.o ABSOLUTE
    ../clib/microlib/longlong.c              0x00000000   Number         0  llsshr.o ABSOLUTE
    ../clib/microlib/string/memcpy.c         0x00000000   Number         0  memcpya.o ABSOLUTE
    ../clib/microlib/string/memcpy.c         0x00000000   Number         0  memcpyb.o ABSOLUTE
    ../clib/microlib/string/memset.c         0x00000000   Number         0  memseta.o ABSOLUTE
    ../clib/microlib/stubs.s                 0x00000000   Number         0  iusefp.o ABSOLUTE
    ../fplib/microlib/fpadd.c                0x00000000   Number         0  dadd.o ABSOLUTE
    ../fplib/microlib/fpdiv.c                0x00000000   Number         0  ddiv.o ABSOLUTE
    ../fplib/microlib/fpepilogue.c           0x00000000   Number         0  depilogue.o ABSOLUTE
    ../fplib/microlib/fpfix.c                0x00000000   Number         0  dfixi.o ABSOLUTE
    ../fplib/microlib/fpfix.c                0x00000000   Number         0  dfixui.o ABSOLUTE
    ../fplib/microlib/fpflt.c                0x00000000   Number         0  dfltui.o ABSOLUTE
    ../fplib/microlib/fpflt.c                0x00000000   Number         0  dflti.o ABSOLUTE
    ../fplib/microlib/fpmul.c                0x00000000   Number         0  dmul.o ABSOLUTE
    ../fplib/microlib/fprnd.c                0x00000000   Number         0  drnd.o ABSOLUTE
    ../fplib/microlib/fpscalb.c              0x00000000   Number         0  dscalb.o ABSOLUTE
    ../fplib/microlib/fpsqrt.c               0x00000000   Number         0  dsqrt.o ABSOLUTE
    ../mathlib/dunder.c                      0x00000000   Number         0  dunder.o ABSOLUTE
    ../mathlib/fpclassify.c                  0x00000000   Number         0  fpclassify.o ABSOLUTE
    ../mathlib/poly.c                        0x00000000   Number         0  poly.o ABSOLUTE
    ../mathlib/pow.c                         0x00000000   Number         0  pow.o ABSOLUTE
    ../mathlib/pow.c                         0x00000000   Number         0  pow_x.o ABSOLUTE
    ../mathlib/qnan.c                        0x00000000   Number         0  qnan.o ABSOLUTE
    ../mathlib/round.c                       0x00000000   Number         0  round.o ABSOLUTE
    ../mathlib/sqrt.c                        0x00000000   Number         0  sqrt_x.o ABSOLUTE
    ../mathlib/sqrt.c                        0x00000000   Number         0  sqrt.o ABSOLUTE
    ..\Drivers\HARDWARE\BSP\bsp.c            0x00000000   Number         0  bsp.o ABSOLUTE
    ..\Drivers\HARDWARE\OLED\oled.c          0x00000000   Number         0  oled.o ABSOLUTE
    ..\Drivers\HARDWARE\RF\SX1276.C          0x00000000   Number         0  sx1276.o ABSOLUTE
    ..\Drivers\HARDWARE\RF\radio.c           0x00000000   Number         0  radio.o ABSOLUTE
    ..\Drivers\HARDWARE\RF\sx1276-Fsk.c      0x00000000   Number         0  sx1276-fsk.o ABSOLUTE
    ..\Drivers\HARDWARE\RF\sx1276-FskMisc.c  0x00000000   Number         0  sx1276-fskmisc.o ABSOLUTE
    ..\Drivers\HARDWARE\RF\sx1276-Hal.c      0x00000000   Number         0  sx1276-hal.o ABSOLUTE
    ..\Drivers\HARDWARE\RF\sx1276-LoRa.c     0x00000000   Number         0  sx1276-lora.o ABSOLUTE
    ..\Drivers\HARDWARE\RF\sx1276-LoRaMisc.c 0x00000000   Number         0  sx1276-loramisc.o ABSOLUTE
    ..\Drivers\STM32L0xx_HAL_Driver\Src\stm32l0xx_hal.c 0x00000000   Number         0  stm32l0xx_hal.o ABSOLUTE
    ..\Drivers\STM32L0xx_HAL_Driver\Src\stm32l0xx_hal_adc.c 0x00000000   Number         0  stm32l0xx_hal_adc.o ABSOLUTE
    ..\Drivers\STM32L0xx_HAL_Driver\Src\stm32l0xx_hal_adc_ex.c 0x00000000   Number         0  stm32l0xx_hal_adc_ex.o ABSOLUTE
    ..\Drivers\STM32L0xx_HAL_Driver\Src\stm32l0xx_hal_cortex.c 0x00000000   Number         0  stm32l0xx_hal_cortex.o ABSOLUTE
    ..\Drivers\STM32L0xx_HAL_Driver\Src\stm32l0xx_hal_dma.c 0x00000000   Number         0  stm32l0xx_hal_dma.o ABSOLUTE
    ..\Drivers\STM32L0xx_HAL_Driver\Src\stm32l0xx_hal_flash.c 0x00000000   Number         0  stm32l0xx_hal_flash.o ABSOLUTE
    ..\Drivers\STM32L0xx_HAL_Driver\Src\stm32l0xx_hal_flash_ex.c 0x00000000   Number         0  stm32l0xx_hal_flash_ex.o ABSOLUTE
    ..\Drivers\STM32L0xx_HAL_Driver\Src\stm32l0xx_hal_flash_ramfunc.c 0x00000000   Number         0  stm32l0xx_hal_flash_ramfunc.o ABSOLUTE
    ..\Drivers\STM32L0xx_HAL_Driver\Src\stm32l0xx_hal_gpio.c 0x00000000   Number         0  stm32l0xx_hal_gpio.o ABSOLUTE
    ..\Drivers\STM32L0xx_HAL_Driver\Src\stm32l0xx_hal_i2c.c 0x00000000   Number         0  stm32l0xx_hal_i2c.o ABSOLUTE
    ..\Drivers\STM32L0xx_HAL_Driver\Src\stm32l0xx_hal_i2c_ex.c 0x00000000   Number         0  stm32l0xx_hal_i2c_ex.o ABSOLUTE
    ..\Drivers\STM32L0xx_HAL_Driver\Src\stm32l0xx_hal_pwr.c 0x00000000   Number         0  stm32l0xx_hal_pwr.o ABSOLUTE
    ..\Drivers\STM32L0xx_HAL_Driver\Src\stm32l0xx_hal_pwr_ex.c 0x00000000   Number         0  stm32l0xx_hal_pwr_ex.o ABSOLUTE
    ..\Drivers\STM32L0xx_HAL_Driver\Src\stm32l0xx_hal_rcc.c 0x00000000   Number         0  stm32l0xx_hal_rcc.o ABSOLUTE
    ..\Drivers\STM32L0xx_HAL_Driver\Src\stm32l0xx_hal_rcc_ex.c 0x00000000   Number         0  stm32l0xx_hal_rcc_ex.o ABSOLUTE
    ..\Drivers\STM32L0xx_HAL_Driver\Src\stm32l0xx_hal_spi.c 0x00000000   Number         0  stm32l0xx_hal_spi.o ABSOLUTE
    ..\Drivers\STM32L0xx_HAL_Driver\Src\stm32l0xx_hal_tim.c 0x00000000   Number         0  stm32l0xx_hal_tim.o ABSOLUTE
    ..\Drivers\STM32L0xx_HAL_Driver\Src\stm32l0xx_hal_tim_ex.c 0x00000000   Number         0  stm32l0xx_hal_tim_ex.o ABSOLUTE
    ..\Drivers\STM32L0xx_HAL_Driver\Src\stm32l0xx_hal_uart.c 0x00000000   Number         0  stm32l0xx_hal_uart.o ABSOLUTE
    ..\Drivers\STM32L0xx_HAL_Driver\Src\stm32l0xx_hal_uart_ex.c 0x00000000   Number         0  stm32l0xx_hal_uart_ex.o ABSOLUTE
    ..\Src\adc.c                             0x00000000   Number         0  adc.o ABSOLUTE
    ..\Src\dma.c                             0x00000000   Number         0  dma.o ABSOLUTE
    ..\Src\gpio.c                            0x00000000   Number         0  gpio.o ABSOLUTE
    ..\Src\i2c.c                             0x00000000   Number         0  i2c.o ABSOLUTE
    ..\Src\main.c                            0x00000000   Number         0  main.o ABSOLUTE
    ..\Src\spi.c                             0x00000000   Number         0  spi.o ABSOLUTE
    ..\Src\stm32l0xx_hal_msp.c               0x00000000   Number         0  stm32l0xx_hal_msp.o ABSOLUTE
    ..\Src\stm32l0xx_it.c                    0x00000000   Number         0  stm32l0xx_it.o ABSOLUTE
    ..\Src\system_stm32l0xx.c                0x00000000   Number         0  system_stm32l0xx.o ABSOLUTE
    ..\Src\usart.c                           0x00000000   Number         0  usart.o ABSOLUTE
    ..\\Drivers\\HARDWARE\\OLED\\oled.c      0x00000000   Number         0  oled.o ABSOLUTE
    ..\\Drivers\\HARDWARE\\RF\\SX1276.C      0x00000000   Number         0  sx1276.o ABSOLUTE
    ..\\Drivers\\HARDWARE\\RF\\radio.c       0x00000000   Number         0  radio.o ABSOLUTE
    ..\\Drivers\\HARDWARE\\RF\\sx1276-Fsk.c  0x00000000   Number         0  sx1276-fsk.o ABSOLUTE
    ..\\Drivers\\HARDWARE\\RF\\sx1276-FskMisc.c 0x00000000   Number         0  sx1276-fskmisc.o ABSOLUTE
    ..\\Drivers\\HARDWARE\\RF\\sx1276-Hal.c  0x00000000   Number         0  sx1276-hal.o ABSOLUTE
    ..\\Drivers\\HARDWARE\\RF\\sx1276-LoRa.c 0x00000000   Number         0  sx1276-lora.o ABSOLUTE
    ..\\Drivers\\HARDWARE\\RF\\sx1276-LoRaMisc.c 0x00000000   Number         0  sx1276-loramisc.o ABSOLUTE
    cdcmple.s                                0x00000000   Number         0  cdcmple.o ABSOLUTE
    cdrcmple.s                               0x00000000   Number         0  cdrcmple.o ABSOLUTE
    dc.s                                     0x00000000   Number         0  dc.o ABSOLUTE
    handlers.s                               0x00000000   Number         0  handlers.o ABSOLUTE
    init.s                                   0x00000000   Number         0  init.o ABSOLUTE
    startup_stm32l051xx.s                    0x00000000   Number         0  startup_stm32l051xx.o ABSOLUTE
    RESET                                    0x08000000   Section      192  startup_stm32l051xx.o(RESET)
    .ARM.Collect$$$$00000000                 0x080000c0   Section        0  entry.o(.ARM.Collect$$$$00000000)
    .ARM.Collect$$$$00000001                 0x080000c0   Section        4  entry2.o(.ARM.Collect$$$$00000001)
    .ARM.Collect$$$$00000004                 0x080000c4   Section        4  entry5.o(.ARM.Collect$$$$00000004)
    .ARM.Collect$$$$00000008                 0x080000c8   Section        0  entry7b.o(.ARM.Collect$$$$00000008)
    .ARM.Collect$$$$0000000A                 0x080000c8   Section        0  entry8b.o(.ARM.Collect$$$$0000000A)
    .ARM.Collect$$$$0000000B                 0x080000c8   Section        8  entry9a.o(.ARM.Collect$$$$0000000B)
    .ARM.Collect$$$$0000000D                 0x080000d0   Section        0  entry10a.o(.ARM.Collect$$$$0000000D)
    .ARM.Collect$$$$0000000F                 0x080000d0   Section        0  entry11a.o(.ARM.Collect$$$$0000000F)
    .ARM.Collect$$$$00002712                 0x080000d0   Section        4  entry2.o(.ARM.Collect$$$$00002712)
    __lit__00000000                          0x080000d0   Data           4  entry2.o(.ARM.Collect$$$$00002712)
    .text                                    0x080000d4   Section       28  startup_stm32l051xx.o(.text)
    .text                                    0x080000f0   Section        0  uidiv.o(.text)
    .text                                    0x0800011c   Section        0  uldiv.o(.text)
    .text                                    0x0800017c   Section        0  memcpya.o(.text)
    .text                                    0x080001a0   Section        0  memseta.o(.text)
    .text                                    0x080001c4   Section        0  dadd.o(.text)
    .text                                    0x08000328   Section        0  dmul.o(.text)
    .text                                    0x080003f8   Section        0  ddiv.o(.text)
    .text                                    0x080004e8   Section        0  dscalb.o(.text)
    .text                                    0x08000514   Section        0  dflti.o(.text)
    .text                                    0x0800053c   Section        0  dfltui.o(.text)
    .text                                    0x08000558   Section        0  dfixi.o(.text)
    .text                                    0x080005a0   Section        0  dfixui.o(.text)
    .text                                    0x080005dc   Section       40  cdcmple.o(.text)
    .text                                    0x08000604   Section        0  llshl.o(.text)
    .text                                    0x08000624   Section        0  llushr.o(.text)
    .text                                    0x08000646   Section        0  llsshr.o(.text)
    .text                                    0x0800066c   Section        0  depilogue.o(.text)
    .text                                    0x0800066c   Section        0  iusefp.o(.text)
    .text                                    0x0800072c   Section        0  drnd.o(.text)
    .text                                    0x080007a8   Section       40  cdrcmple.o(.text)
    .text                                    0x080007d0   Section       36  init.o(.text)
    i.ADC_DelayMicroSecond                   0x080007f4   Section        0  stm32l0xx_hal_adc.o(i.ADC_DelayMicroSecond)
    ADC_DelayMicroSecond                     0x080007f5   Thumb Code    28  stm32l0xx_hal_adc.o(i.ADC_DelayMicroSecond)
    i.DMA1_Channel2_3_IRQHandler             0x08000818   Section        0  stm32l0xx_it.o(i.DMA1_Channel2_3_IRQHandler)
    i.DMA_SetConfig                          0x08000830   Section        0  stm32l0xx_hal_dma.o(i.DMA_SetConfig)
    DMA_SetConfig                            0x08000831   Thumb Code    30  stm32l0xx_hal_dma.o(i.DMA_SetConfig)
    i.Error_Handler                          0x0800084e   Section        0  main.o(i.Error_Handler)
    i.HAL_ADC_ConfigChannel                  0x08000850   Section        0  stm32l0xx_hal_adc.o(i.HAL_ADC_ConfigChannel)
    i.HAL_ADC_Init                           0x080008e4   Section        0  stm32l0xx_hal_adc.o(i.HAL_ADC_Init)
    i.HAL_ADC_MspInit                        0x08000aa8   Section        0  adc.o(i.HAL_ADC_MspInit)
    i.HAL_DMA_IRQHandler                     0x08000ae0   Section        0  stm32l0xx_hal_dma.o(i.HAL_DMA_IRQHandler)
    i.HAL_DMA_Init                           0x08000d60   Section        0  stm32l0xx_hal_dma.o(i.HAL_DMA_Init)
    i.HAL_DMA_Start_IT                       0x08000e68   Section        0  stm32l0xx_hal_dma.o(i.HAL_DMA_Start_IT)
    i.HAL_Delay                              0x08000eb6   Section        0  stm32l0xx_hal.o(i.HAL_Delay)
    i.HAL_GPIO_Init                          0x08000ecc   Section        0  stm32l0xx_hal_gpio.o(i.HAL_GPIO_Init)
    i.HAL_GPIO_WritePin                      0x08001020   Section        0  stm32l0xx_hal_gpio.o(i.HAL_GPIO_WritePin)
    i.HAL_GetTick                            0x0800102c   Section        0  stm32l0xx_hal.o(i.HAL_GetTick)
    i.HAL_I2CEx_ConfigAnalogFilter           0x08001038   Section        0  stm32l0xx_hal_i2c_ex.o(i.HAL_I2CEx_ConfigAnalogFilter)
    i.HAL_I2CEx_ConfigDigitalFilter          0x08001082   Section        0  stm32l0xx_hal_i2c_ex.o(i.HAL_I2CEx_ConfigDigitalFilter)
    i.HAL_I2CEx_EnableFastModePlus           0x080010cc   Section        0  stm32l0xx_hal_i2c_ex.o(i.HAL_I2CEx_EnableFastModePlus)
    i.HAL_I2C_GetError                       0x080010e8   Section        0  stm32l0xx_hal_i2c.o(i.HAL_I2C_GetError)
    i.HAL_I2C_Init                           0x080010ec   Section        0  stm32l0xx_hal_i2c.o(i.HAL_I2C_Init)
    i.HAL_I2C_Master_Transmit                0x080011a0   Section        0  stm32l0xx_hal_i2c.o(i.HAL_I2C_Master_Transmit)
    i.HAL_I2C_MspInit                        0x080012b8   Section        0  i2c.o(i.HAL_I2C_MspInit)
    i.HAL_IncTick                            0x080012fc   Section        0  stm32l0xx_hal.o(i.HAL_IncTick)
    i.HAL_Init                               0x0800130c   Section        0  stm32l0xx_hal.o(i.HAL_Init)
    i.HAL_InitTick                           0x0800132c   Section        0  stm32l0xx_hal.o(i.HAL_InitTick)
    i.HAL_MspInit                            0x08001354   Section        0  stm32l0xx_hal_msp.o(i.HAL_MspInit)
    i.HAL_NVIC_EnableIRQ                     0x0800138c   Section        0  stm32l0xx_hal_cortex.o(i.HAL_NVIC_EnableIRQ)
    i.HAL_NVIC_SetPriority                   0x080013a0   Section        0  stm32l0xx_hal_cortex.o(i.HAL_NVIC_SetPriority)
    i.HAL_RCCEx_GetPeriphCLKFreq             0x080013a8   Section        0  stm32l0xx_hal_rcc_ex.o(i.HAL_RCCEx_GetPeriphCLKFreq)
    i.HAL_RCCEx_PeriphCLKConfig              0x080014f0   Section        0  stm32l0xx_hal_rcc_ex.o(i.HAL_RCCEx_PeriphCLKConfig)
    i.HAL_RCC_ClockConfig                    0x08001664   Section        0  stm32l0xx_hal_rcc.o(i.HAL_RCC_ClockConfig)
    i.HAL_RCC_GetHCLKFreq                    0x080017cc   Section        0  stm32l0xx_hal_rcc.o(i.HAL_RCC_GetHCLKFreq)
    i.HAL_RCC_GetPCLK1Freq                   0x080017d8   Section        0  stm32l0xx_hal_rcc.o(i.HAL_RCC_GetPCLK1Freq)
    i.HAL_RCC_GetPCLK2Freq                   0x080017f8   Section        0  stm32l0xx_hal_rcc.o(i.HAL_RCC_GetPCLK2Freq)
    i.HAL_RCC_GetSysClockFreq                0x08001818   Section        0  stm32l0xx_hal_rcc.o(i.HAL_RCC_GetSysClockFreq)
    i.HAL_RCC_OscConfig                      0x08001894   Section        0  stm32l0xx_hal_rcc.o(i.HAL_RCC_OscConfig)
    i.HAL_SPI_ErrorCallback                  0x08001c80   Section        0  stm32l0xx_hal_spi.o(i.HAL_SPI_ErrorCallback)
    i.HAL_SPI_Init                           0x08001c82   Section        0  stm32l0xx_hal_spi.o(i.HAL_SPI_Init)
    i.HAL_SPI_MspInit                        0x08001d08   Section        0  spi.o(i.HAL_SPI_MspInit)
    i.HAL_SPI_RxCpltCallback                 0x08001db0   Section        0  stm32l0xx_hal_spi.o(i.HAL_SPI_RxCpltCallback)
    i.HAL_SPI_RxHalfCpltCallback             0x08001db2   Section        0  stm32l0xx_hal_spi.o(i.HAL_SPI_RxHalfCpltCallback)
    i.HAL_SPI_TransmitReceive_DMA            0x08001db4   Section        0  stm32l0xx_hal_spi.o(i.HAL_SPI_TransmitReceive_DMA)
    i.HAL_SPI_TxRxCpltCallback               0x08001eb4   Section        0  stm32l0xx_hal_spi.o(i.HAL_SPI_TxRxCpltCallback)
    i.HAL_SPI_TxRxHalfCpltCallback           0x08001eb6   Section        0  stm32l0xx_hal_spi.o(i.HAL_SPI_TxRxHalfCpltCallback)
    i.HAL_SYSTICK_CLKSourceConfig            0x08001eb8   Section        0  stm32l0xx_hal_cortex.o(i.HAL_SYSTICK_CLKSourceConfig)
    i.HAL_SYSTICK_Callback                   0x08001ed0   Section        0  stm32l0xx_hal_cortex.o(i.HAL_SYSTICK_Callback)
    i.HAL_SYSTICK_Config                     0x08001ed4   Section        0  stm32l0xx_hal_cortex.o(i.HAL_SYSTICK_Config)
    i.HAL_SYSTICK_IRQHandler                 0x08001f04   Section        0  stm32l0xx_hal_cortex.o(i.HAL_SYSTICK_IRQHandler)
    i.HAL_UART_Init                          0x08001f0c   Section        0  stm32l0xx_hal_uart.o(i.HAL_UART_Init)
    i.HAL_UART_MspInit                       0x08001f78   Section        0  usart.o(i.HAL_UART_MspInit)
    i.HW_SPI_InOut                           0x08001fbc   Section        0  sx1276-hal.o(i.HW_SPI_InOut)
    i.HardFault_Handler                      0x08001fd8   Section        0  stm32l0xx_it.o(i.HardFault_Handler)
    i.I2C_Flush_TXDR                         0x08001fda   Section        0  stm32l0xx_hal_i2c.o(i.I2C_Flush_TXDR)
    I2C_Flush_TXDR                           0x08001fdb   Thumb Code    34  stm32l0xx_hal_i2c.o(i.I2C_Flush_TXDR)
    i.I2C_IsAcknowledgeFailed                0x08001ffc   Section        0  stm32l0xx_hal_i2c.o(i.I2C_IsAcknowledgeFailed)
    I2C_IsAcknowledgeFailed                  0x08001ffd   Thumb Code   112  stm32l0xx_hal_i2c.o(i.I2C_IsAcknowledgeFailed)
    i.I2C_TransferConfig                     0x08002070   Section        0  stm32l0xx_hal_i2c.o(i.I2C_TransferConfig)
    I2C_TransferConfig                       0x08002071   Thumb Code    30  stm32l0xx_hal_i2c.o(i.I2C_TransferConfig)
    i.I2C_WaitOnFlagUntilTimeout             0x08002094   Section        0  stm32l0xx_hal_i2c.o(i.I2C_WaitOnFlagUntilTimeout)
    I2C_WaitOnFlagUntilTimeout               0x08002095   Thumb Code    72  stm32l0xx_hal_i2c.o(i.I2C_WaitOnFlagUntilTimeout)
    i.I2C_WaitOnSTOPFlagUntilTimeout         0x080020dc   Section        0  stm32l0xx_hal_i2c.o(i.I2C_WaitOnSTOPFlagUntilTimeout)
    I2C_WaitOnSTOPFlagUntilTimeout           0x080020dd   Thumb Code    78  stm32l0xx_hal_i2c.o(i.I2C_WaitOnSTOPFlagUntilTimeout)
    i.I2C_WaitOnTXISFlagUntilTimeout         0x0800212a   Section        0  stm32l0xx_hal_i2c.o(i.I2C_WaitOnTXISFlagUntilTimeout)
    I2C_WaitOnTXISFlagUntilTimeout           0x0800212b   Thumb Code    82  stm32l0xx_hal_i2c.o(i.I2C_WaitOnTXISFlagUntilTimeout)
    i.MX_ADC_Init                            0x0800217c   Section        0  adc.o(i.MX_ADC_Init)
    i.MX_DMA_Init                            0x08002240   Section        0  dma.o(i.MX_DMA_Init)
    i.MX_GPIO_Init                           0x08002268   Section        0  gpio.o(i.MX_GPIO_Init)
    i.MX_I2C1_Init                           0x08002354   Section        0  i2c.o(i.MX_I2C1_Init)
    i.MX_SPI1_Init                           0x080023b4   Section        0  spi.o(i.MX_SPI1_Init)
    i.MX_USART1_UART_Init                    0x080023f8   Section        0  usart.o(i.MX_USART1_UART_Init)
    i.NMI_Handler                            0x08002434   Section        0  stm32l0xx_it.o(i.NMI_Handler)
    i.NVIC_SetPriority                       0x08002438   Section        0  stm32l0xx_hal_cortex.o(i.NVIC_SetPriority)
    NVIC_SetPriority                         0x08002439   Thumb Code    60  stm32l0xx_hal_cortex.o(i.NVIC_SetPriority)
    i.OLED_Clear                             0x0800247c   Section        0  oled.o(i.OLED_Clear)
    i.OLED_Init                              0x080024b6   Section        0  oled.o(i.OLED_Init)
    i.OLED_Set_Pos                           0x0800257c   Section        0  oled.o(i.OLED_Set_Pos)
    i.OLED_ShowChar                          0x080025a4   Section        0  oled.o(i.OLED_ShowChar)
    i.OLED_ShowNum                           0x08002628   Section        0  oled.o(i.OLED_ShowNum)
    i.OLED_ShowString                        0x08002694   Section        0  oled.o(i.OLED_ShowString)
    i.OLED_WR_Byte                           0x080026c8   Section        0  oled.o(i.OLED_WR_Byte)
    i.OnSlave                                0x080026e0   Section        0  main.o(i.OnSlave)
    i.PendSV_Handler                         0x08002780   Section        0  stm32l0xx_it.o(i.PendSV_Handler)
    i.RCC_SetFlashLatencyFromMSIRange        0x08002784   Section        0  stm32l0xx_hal_rcc.o(i.RCC_SetFlashLatencyFromMSIRange)
    RCC_SetFlashLatencyFromMSIRange          0x08002785   Thumb Code    94  stm32l0xx_hal_rcc.o(i.RCC_SetFlashLatencyFromMSIRange)
    i.RFRead                                 0x080027f4   Section        0  main.o(i.RFRead)
    i.RFWrite                                0x08002824   Section        0  main.o(i.RFWrite)
    i.RadioDriverInit                        0x0800284c   Section        0  radio.o(i.RadioDriverInit)
    i.SPI_DMAError                           0x08002884   Section        0  stm32l0xx_hal_spi.o(i.SPI_DMAError)
    SPI_DMAError                             0x08002885   Thumb Code    30  stm32l0xx_hal_spi.o(i.SPI_DMAError)
    i.SPI_DMAHalfReceiveCplt                 0x080028a2   Section        0  stm32l0xx_hal_spi.o(i.SPI_DMAHalfReceiveCplt)
    SPI_DMAHalfReceiveCplt                   0x080028a3   Thumb Code    10  stm32l0xx_hal_spi.o(i.SPI_DMAHalfReceiveCplt)
    i.SPI_DMAHalfTransmitReceiveCplt         0x080028ac   Section        0  stm32l0xx_hal_spi.o(i.SPI_DMAHalfTransmitReceiveCplt)
    SPI_DMAHalfTransmitReceiveCplt           0x080028ad   Thumb Code    10  stm32l0xx_hal_spi.o(i.SPI_DMAHalfTransmitReceiveCplt)
    i.SPI_DMAReceiveCplt                     0x080028b6   Section        0  stm32l0xx_hal_spi.o(i.SPI_DMAReceiveCplt)
    SPI_DMAReceiveCplt                       0x080028b7   Thumb Code   188  stm32l0xx_hal_spi.o(i.SPI_DMAReceiveCplt)
    i.SPI_DMATransmitReceiveCplt             0x08002972   Section        0  stm32l0xx_hal_spi.o(i.SPI_DMATransmitReceiveCplt)
    SPI_DMATransmitReceiveCplt               0x08002973   Thumb Code   194  stm32l0xx_hal_spi.o(i.SPI_DMATransmitReceiveCplt)
    i.SPI_WaitOnFlagUntilTimeout             0x08002a34   Section        0  stm32l0xx_hal_spi.o(i.SPI_WaitOnFlagUntilTimeout)
    SPI_WaitOnFlagUntilTimeout               0x08002a35   Thumb Code   162  stm32l0xx_hal_spi.o(i.SPI_WaitOnFlagUntilTimeout)
    i.SVC_Handler                            0x08002ad6   Section        0  stm32l0xx_it.o(i.SVC_Handler)
    i.SX1276FskGetPacketPayloadSize          0x08002ad8   Section        0  sx1276-fsk.o(i.SX1276FskGetPacketPayloadSize)
    i.SX1276FskGetRxPacket                   0x08002b0c   Section        0  sx1276-fsk.o(i.SX1276FskGetRxPacket)
    i.SX1276FskProcess                       0x08002b2c   Section        0  sx1276-fsk.o(i.SX1276FskProcess)
    i.SX1276FskReadAfc                       0x08002e70   Section        0  sx1276-fsk.o(i.SX1276FskReadAfc)
    i.SX1276FskReadRssi                      0x08002ea8   Section        0  sx1276-fsk.o(i.SX1276FskReadRssi)
    i.SX1276FskReadRxGain                    0x08002ed0   Section        0  sx1276-fsk.o(i.SX1276FskReadRxGain)
    i.SX1276FskSetOpMode                     0x08002eec   Section        0  sx1276-fsk.o(i.SX1276FskSetOpMode)
    i.SX1276FskSetRFState                    0x08002f2c   Section        0  sx1276-fsk.o(i.SX1276FskSetRFState)
    i.SX1276FskSetTxPacket                   0x08002f38   Section        0  sx1276-fsk.o(i.SX1276FskSetTxPacket)
    i.SX1276GetRxPacket                      0x08002f58   Section        0  sx1276.o(i.SX1276GetRxPacket)
    i.SX1276Init                             0x08002f74   Section        0  sx1276.o(i.SX1276Init)
    i.SX1276InitIo                           0x08002fa8   Section        0  sx1276-hal.o(i.SX1276InitIo)
    i.SX1276LoRaGetPacketRssi                0x08002fac   Section        0  sx1276-lora.o(i.SX1276LoRaGetPacketRssi)
    i.SX1276LoRaGetRxPacket                  0x08002fb8   Section        0  sx1276-lora.o(i.SX1276LoRaGetRxPacket)
    i.SX1276LoRaInit                         0x08002fd4   Section        0  sx1276-lora.o(i.SX1276LoRaInit)
    i.SX1276LoRaProcess                      0x08003078   Section        0  sx1276-lora.o(i.SX1276LoRaProcess)
    i.SX1276LoRaReadRxGain                   0x080034b4   Section        0  sx1276-lora.o(i.SX1276LoRaReadRxGain)
    i.SX1276LoRaSetDefaults                  0x080034d0   Section        0  sx1276-lora.o(i.SX1276LoRaSetDefaults)
    i.SX1276LoRaSetErrorCoding               0x080034e4   Section        0  sx1276-loramisc.o(i.SX1276LoRaSetErrorCoding)
    i.SX1276LoRaSetImplicitHeaderOn          0x08003518   Section        0  sx1276-loramisc.o(i.SX1276LoRaSetImplicitHeaderOn)
    i.SX1276LoRaSetLowDatarateOptimize       0x08003548   Section        0  sx1276-loramisc.o(i.SX1276LoRaSetLowDatarateOptimize)
    i.SX1276LoRaSetNbTrigPeaks               0x08003574   Section        0  sx1276-loramisc.o(i.SX1276LoRaSetNbTrigPeaks)
    i.SX1276LoRaSetOpMode                    0x080035a0   Section        0  sx1276-lora.o(i.SX1276LoRaSetOpMode)
    i.SX1276LoRaSetPAOutput                  0x080035e0   Section        0  sx1276-loramisc.o(i.SX1276LoRaSetPAOutput)
    i.SX1276LoRaSetPa20dBm                   0x08003608   Section        0  sx1276-loramisc.o(i.SX1276LoRaSetPa20dBm)
    i.SX1276LoRaSetPacketCrcOn               0x08003648   Section        0  sx1276-loramisc.o(i.SX1276LoRaSetPacketCrcOn)
    i.SX1276LoRaSetPayloadLength             0x0800367c   Section        0  sx1276-loramisc.o(i.SX1276LoRaSetPayloadLength)
    i.SX1276LoRaSetRFFrequency               0x080036a0   Section        0  sx1276-loramisc.o(i.SX1276LoRaSetRFFrequency)
    i.SX1276LoRaSetRFPower                   0x080036dc   Section        0  sx1276-loramisc.o(i.SX1276LoRaSetRFPower)
    i.SX1276LoRaSetRFState                   0x08003774   Section        0  sx1276-lora.o(i.SX1276LoRaSetRFState)
    i.SX1276LoRaSetSignalBandwidth           0x08003780   Section        0  sx1276-loramisc.o(i.SX1276LoRaSetSignalBandwidth)
    i.SX1276LoRaSetSpreadingFactor           0x080037b4   Section        0  sx1276-loramisc.o(i.SX1276LoRaSetSpreadingFactor)
    i.SX1276LoRaSetSymbTimeout               0x08003808   Section        0  sx1276-loramisc.o(i.SX1276LoRaSetSymbTimeout)
    i.SX1276LoRaSetTxPacket                  0x0800383c   Section        0  sx1276-lora.o(i.SX1276LoRaSetTxPacket)
    i.SX1276Process                          0x0800385c   Section        0  sx1276.o(i.SX1276Process)
    i.SX1276Read                             0x08003878   Section        0  sx1276-hal.o(i.SX1276Read)
    i.SX1276ReadBuffer                       0x08003884   Section        0  sx1276-hal.o(i.SX1276ReadBuffer)
    i.SX1276ReadFifo                         0x080038c4   Section        0  sx1276-hal.o(i.SX1276ReadFifo)
    i.SX1276Reset                            0x080038d4   Section        0  sx1276.o(i.SX1276Reset)
    i.SX1276SetLoRaOn                        0x08003908   Section        0  sx1276.o(i.SX1276SetLoRaOn)
    i.SX1276SetTxPacket                      0x08003988   Section        0  sx1276.o(i.SX1276SetTxPacket)
    i.SX1276StartRx                          0x080039a4   Section        0  sx1276.o(i.SX1276StartRx)
    i.SX1276Write                            0x080039c4   Section        0  sx1276-hal.o(i.SX1276Write)
    i.SX1276WriteBuffer                      0x080039d0   Section        0  sx1276-hal.o(i.SX1276WriteBuffer)
    i.SX1276WriteFifo                        0x08003a0c   Section        0  sx1276-hal.o(i.SX1276WriteFifo)
    i.SX1276WriteRxTx                        0x08003a1c   Section        0  sx1276-hal.o(i.SX1276WriteRxTx)
    i.SysTick_Handler                        0x08003a48   Section        0  stm32l0xx_it.o(i.SysTick_Handler)
    i.SystemClock_Config                     0x08003a54   Section        0  main.o(i.SystemClock_Config)
    i.SystemInit                             0x08003adc   Section        0  system_stm32l0xx.o(i.SystemInit)
    i.UART_AdvFeatureConfig                  0x08003b30   Section        0  stm32l0xx_hal_uart.o(i.UART_AdvFeatureConfig)
    i.UART_CheckIdleState                    0x08003bfc   Section        0  stm32l0xx_hal_uart.o(i.UART_CheckIdleState)
    i.UART_SetConfig                         0x08003c5c   Section        0  stm32l0xx_hal_uart.o(i.UART_SetConfig)
    i.UART_WaitOnFlagUntilTimeout            0x08003e78   Section        0  stm32l0xx_hal_uart.o(i.UART_WaitOnFlagUntilTimeout)
    i.Write_IIC_Command                      0x08003ed8   Section        0  oled.o(i.Write_IIC_Command)
    i.Write_IIC_Data                         0x08003f10   Section        0  oled.o(i.Write_IIC_Data)
    i.__ARM_clz                              0x08003f4c   Section        0  depilogue.o(i.__ARM_clz)
    i.__ARM_common_switch8                   0x08003f7a   Section        0  sx1276-fsk.o(i.__ARM_common_switch8)
    i.__scatterload_copy                     0x08003f94   Section       14  handlers.o(i.__scatterload_copy)
    i.__scatterload_null                     0x08003fa2   Section        2  handlers.o(i.__scatterload_null)
    i.__scatterload_zeroinit                 0x08003fa4   Section       14  handlers.o(i.__scatterload_zeroinit)
    i.main                                   0x08003fb4   Section        0  main.o(i.main)
    i.oled_pow                               0x08004144   Section        0  oled.o(i.oled_pow)
    i.round                                  0x08004158   Section        0  round.o(i.round)
    .constdata                               0x080041f4   Section      204  sx1276-lora.o(.constdata)
    .constdata                               0x080042c0   Section     2072  oled.o(.constdata)
    .constdata                               0x08004ad8   Section       25  system_stm32l0xx.o(.constdata)
    .constdata                               0x08004af1   Section        8  system_stm32l0xx.o(.constdata)
    .data                                    0x20000000   Section       40  main.o(.data)
    TRSIZE                                   0x20000000   Data           2  main.o(.data)
    BufferSize                               0x20000002   Data           2  main.o(.data)
    Sendbuffer                               0x20000008   Data          16  main.o(.data)
    Ascbuffer                                0x20000018   Data          16  main.o(.data)
    .data                                    0x20000028   Section        2  sx1276.o(.data)
    LoRaOn                                   0x20000028   Data           1  sx1276.o(.data)
    LoRaOnState                              0x20000029   Data           1  sx1276.o(.data)
    .data                                    0x20000030   Section       84  sx1276-fsk.o(.data)
    DataChunkSize                            0x20000030   Data           1  sx1276-fsk.o(.data)
    RFState                                  0x20000031   Data           1  sx1276-fsk.o(.data)
    PreambleDetected                         0x20000032   Data           1  sx1276-fsk.o(.data)
    SyncWordDetected                         0x20000033   Data           1  sx1276-fsk.o(.data)
    PacketDetected                           0x20000034   Data           1  sx1276-fsk.o(.data)
    RxBytesRead                              0x20000035   Data           1  sx1276-fsk.o(.data)
    TxBytesSent                              0x20000036   Data           1  sx1276-fsk.o(.data)
    RxGain                                   0x20000037   Data           1  sx1276-fsk.o(.data)
    opModePrev                               0x20000038   Data           1  sx1276-fsk.o(.data)
    antennaSwitchTxOnPrev                    0x20000039   Data           1  sx1276-fsk.o(.data)
    RxPacketSize                             0x2000003a   Data           2  sx1276-fsk.o(.data)
    TxPacketSize                             0x2000003c   Data           2  sx1276-fsk.o(.data)
    RxTimeoutTimer                           0x20000040   Data           4  sx1276-fsk.o(.data)
    Preamble2SyncTimer                       0x20000044   Data           4  sx1276-fsk.o(.data)
    TxTimeoutTimer                           0x20000048   Data           4  sx1276-fsk.o(.data)
    PacketTimeout                            0x20000050   Data           4  sx1276-fsk.o(.data)
    Preamble2SyncTimeout                     0x20000054   Data           4  sx1276-fsk.o(.data)
    RxPacketAfcValue                         0x20000058   Data           4  sx1276-fsk.o(.data)
    RxPacketRssiValue                        0x20000060   Data           8  sx1276-fsk.o(.data)
    .data                                    0x20000088   Section       60  sx1276-lora.o(.data)
    RFLRState                                0x20000088   Data           1  sx1276-lora.o(.data)
    RxGain                                   0x20000089   Data           1  sx1276-lora.o(.data)
    opModePrev                               0x2000008a   Data           1  sx1276-lora.o(.data)
    antennaSwitchTxOnPrev                    0x2000008b   Data           1  sx1276-lora.o(.data)
    RxPacketSnrEstimate                      0x2000008c   Data           1  sx1276-lora.o(.data)
    RxPacketSize                             0x2000008e   Data           2  sx1276-lora.o(.data)
    TxPacketSize                             0x20000090   Data           2  sx1276-lora.o(.data)
    RxTimeoutTimer                           0x20000094   Data           4  sx1276-lora.o(.data)
    PacketTimeout                            0x2000009c   Data           4  sx1276-lora.o(.data)
    RxPacketRssiValue                        0x200000a0   Data           8  sx1276-lora.o(.data)
    .data                                    0x200000c4   Section        4  system_stm32l0xx.o(.data)
    .data                                    0x200000c8   Section        4  stm32l0xx_hal.o(.data)
    .bss                                     0x200000cc   Section       76  i2c.o(.bss)
    .bss                                     0x20000118   Section      112  usart.o(.bss)
    .bss                                     0x20000188   Section       96  adc.o(.bss)
    .bss                                     0x200001e8   Section      216  spi.o(.bss)
    .bss                                     0x200002c0   Section       24  radio.o(.bss)
    .bss                                     0x200002d8   Section      112  sx1276.o(.bss)
    .bss                                     0x20000348   Section      256  sx1276-fsk.o(.bss)
    RFBuffer                                 0x20000348   Data         256  sx1276-fsk.o(.bss)
    .bss                                     0x20000448   Section      256  sx1276-lora.o(.bss)
    RFBuffer                                 0x20000448   Data         256  sx1276-lora.o(.bss)
    STACK                                    0x20000548   Section     1024  startup_stm32l051xx.o(STACK)

    Global Symbols

    Symbol Name                              Value     Ov Type        Size  Object(Section)

    BuildAttributes$$THM_ISAv3M$S$PE$A:L22$X:L11$S22$IEEE1$IW$USESV6$~STKCKD$USESV7$~SHL$OTIME$ROPI$IEEEX$EBA8$MICROLIB$REQ8$PRES8$EABIv2 0x00000000   Number         0  anon$$obj.o ABSOLUTE
    __ARM_use_no_argv                        0x00000000   Number         0  main.o ABSOLUTE
    __cpp_initialize__aeabi_                  - Undefined Weak Reference
    __cxa_finalize                            - Undefined Weak Reference
    __decompress                              - Undefined Weak Reference
    _clock_init                               - Undefined Weak Reference
    _microlib_exit                            - Undefined Weak Reference
    __Vectors_Size                           0x000000c0   Number         0  startup_stm32l051xx.o ABSOLUTE
    __Vectors                                0x08000000   Data           4  startup_stm32l051xx.o(RESET)
    __Vectors_End                            0x080000c0   Data           0  startup_stm32l051xx.o(RESET)
    __main                                   0x080000c1   Thumb Code     0  entry.o(.ARM.Collect$$$$00000000)
    _main_stk                                0x080000c1   Thumb Code     0  entry2.o(.ARM.Collect$$$$00000001)
    _main_scatterload                        0x080000c5   Thumb Code     0  entry5.o(.ARM.Collect$$$$00000004)
    __main_after_scatterload                 0x080000c9   Thumb Code     0  entry5.o(.ARM.Collect$$$$00000004)
    _main_clock                              0x080000c9   Thumb Code     0  entry7b.o(.ARM.Collect$$$$00000008)
    _main_cpp_init                           0x080000c9   Thumb Code     0  entry8b.o(.ARM.Collect$$$$0000000A)
    _main_init                               0x080000c9   Thumb Code     0  entry9a.o(.ARM.Collect$$$$0000000B)
    __rt_final_cpp                           0x080000d1   Thumb Code     0  entry10a.o(.ARM.Collect$$$$0000000D)
    __rt_final_exit                          0x080000d1   Thumb Code     0  entry11a.o(.ARM.Collect$$$$0000000F)
    Reset_Handler                            0x080000d5   Thumb Code     8  startup_stm32l051xx.o(.text)
    ADC1_COMP_IRQHandler                     0x080000e7   Thumb Code     0  startup_stm32l051xx.o(.text)
    DMA1_Channel1_IRQHandler                 0x080000e7   Thumb Code     0  startup_stm32l051xx.o(.text)
    DMA1_Channel4_5_6_7_IRQHandler           0x080000e7   Thumb Code     0  startup_stm32l051xx.o(.text)
    EXTI0_1_IRQHandler                       0x080000e7   Thumb Code     0  startup_stm32l051xx.o(.text)
    EXTI2_3_IRQHandler                       0x080000e7   Thumb Code     0  startup_stm32l051xx.o(.text)
    EXTI4_15_IRQHandler                      0x080000e7   Thumb Code     0  startup_stm32l051xx.o(.text)
    FLASH_IRQHandler                         0x080000e7   Thumb Code     0  startup_stm32l051xx.o(.text)
    I2C1_IRQHandler                          0x080000e7   Thumb Code     0  startup_stm32l051xx.o(.text)
    I2C2_IRQHandler                          0x080000e7   Thumb Code     0  startup_stm32l051xx.o(.text)
    LPTIM1_IRQHandler                        0x080000e7   Thumb Code     0  startup_stm32l051xx.o(.text)
    LPUART1_IRQHandler                       0x080000e7   Thumb Code     0  startup_stm32l051xx.o(.text)
    PVD_IRQHandler                           0x080000e7   Thumb Code     0  startup_stm32l051xx.o(.text)
    RCC_IRQHandler                           0x080000e7   Thumb Code     0  startup_stm32l051xx.o(.text)
    RTC_IRQHandler                           0x080000e7   Thumb Code     0  startup_stm32l051xx.o(.text)
    SPI1_IRQHandler                          0x080000e7   Thumb Code     0  startup_stm32l051xx.o(.text)
    SPI2_IRQHandler                          0x080000e7   Thumb Code     0  startup_stm32l051xx.o(.text)
    TIM21_IRQHandler                         0x080000e7   Thumb Code     0  startup_stm32l051xx.o(.text)
    TIM22_IRQHandler                         0x080000e7   Thumb Code     0  startup_stm32l051xx.o(.text)
    TIM2_IRQHandler                          0x080000e7   Thumb Code     0  startup_stm32l051xx.o(.text)
    TIM6_IRQHandler                          0x080000e7   Thumb Code     0  startup_stm32l051xx.o(.text)
    USART1_IRQHandler                        0x080000e7   Thumb Code     0  startup_stm32l051xx.o(.text)
    USART2_IRQHandler                        0x080000e7   Thumb Code     0  startup_stm32l051xx.o(.text)
    WWDG_IRQHandler                          0x080000e7   Thumb Code     0  startup_stm32l051xx.o(.text)
    __aeabi_uidiv                            0x080000f1   Thumb Code     0  uidiv.o(.text)
    __aeabi_uidivmod                         0x080000f1   Thumb Code    44  uidiv.o(.text)
    __aeabi_uldivmod                         0x0800011d   Thumb Code    96  uldiv.o(.text)
    __aeabi_memcpy                           0x0800017d   Thumb Code    36  memcpya.o(.text)
    __aeabi_memcpy4                          0x0800017d   Thumb Code     0  memcpya.o(.text)
    __aeabi_memcpy8                          0x0800017d   Thumb Code     0  memcpya.o(.text)
    __aeabi_memset                           0x080001a1   Thumb Code    14  memseta.o(.text)
    __aeabi_memset4                          0x080001a1   Thumb Code     0  memseta.o(.text)
    __aeabi_memset8                          0x080001a1   Thumb Code     0  memseta.o(.text)
    __aeabi_memclr                           0x080001af   Thumb Code     4  memseta.o(.text)
    __aeabi_memclr4                          0x080001af   Thumb Code     0  memseta.o(.text)
    __aeabi_memclr8                          0x080001af   Thumb Code     0  memseta.o(.text)
    _memset$wrapper                          0x080001b3   Thumb Code    18  memseta.o(.text)
    __aeabi_dadd                             0x080001c5   Thumb Code   328  dadd.o(.text)
    __aeabi_dsub                             0x0800030d   Thumb Code    12  dadd.o(.text)
    __aeabi_drsub                            0x08000319   Thumb Code    12  dadd.o(.text)
    __aeabi_dmul                             0x08000329   Thumb Code   202  dmul.o(.text)
    __aeabi_ddiv                             0x080003f9   Thumb Code   234  ddiv.o(.text)
    __ARM_scalbn                             0x080004e9   Thumb Code    44  dscalb.o(.text)
    scalbn                                   0x080004e9   Thumb Code     0  dscalb.o(.text)
    __aeabi_i2d                              0x08000515   Thumb Code    34  dflti.o(.text)
    __aeabi_ui2d                             0x0800053d   Thumb Code    24  dfltui.o(.text)
    __aeabi_d2iz                             0x08000559   Thumb Code    62  dfixi.o(.text)
    __aeabi_d2uiz                            0x080005a1   Thumb Code    50  dfixui.o(.text)
    __aeabi_cdcmpeq                          0x080005dd   Thumb Code     0  cdcmple.o(.text)
    __aeabi_cdcmple                          0x080005dd   Thumb Code    38  cdcmple.o(.text)
    __aeabi_llsl                             0x08000605   Thumb Code    32  llshl.o(.text)
    _ll_shift_l                              0x08000605   Thumb Code     0  llshl.o(.text)
    __aeabi_llsr                             0x08000625   Thumb Code    34  llushr.o(.text)
    _ll_ushift_r                             0x08000625   Thumb Code     0  llushr.o(.text)
    __aeabi_lasr                             0x08000647   Thumb Code    38  llsshr.o(.text)
    _ll_sshift_r                             0x08000647   Thumb Code     0  llsshr.o(.text)
    __I$use$fp                               0x0800066d   Thumb Code     0  iusefp.o(.text)
    _double_round                            0x0800066d   Thumb Code    26  depilogue.o(.text)
    _double_epilogue                         0x08000687   Thumb Code   164  depilogue.o(.text)
    _drnd                                    0x0800072d   Thumb Code   114  drnd.o(.text)
    __aeabi_cdrcmple                         0x080007a9   Thumb Code    38  cdrcmple.o(.text)
    __scatterload                            0x080007d1   Thumb Code    28  init.o(.text)
    __scatterload_rt2                        0x080007d1   Thumb Code     0  init.o(.text)
    DMA1_Channel2_3_IRQHandler               0x08000819   Thumb Code    16  stm32l0xx_it.o(i.DMA1_Channel2_3_IRQHandler)
    Error_Handler                            0x0800084f   Thumb Code     2  main.o(i.Error_Handler)
    HAL_ADC_ConfigChannel                    0x08000851   Thumb Code   140  stm32l0xx_hal_adc.o(i.HAL_ADC_ConfigChannel)
    HAL_ADC_Init                             0x080008e5   Thumb Code   442  stm32l0xx_hal_adc.o(i.HAL_ADC_Init)
    HAL_ADC_MspInit                          0x08000aa9   Thumb Code    48  adc.o(i.HAL_ADC_MspInit)
    HAL_DMA_IRQHandler                       0x08000ae1   Thumb Code   634  stm32l0xx_hal_dma.o(i.HAL_DMA_IRQHandler)
    HAL_DMA_Init                             0x08000d61   Thumb Code   254  stm32l0xx_hal_dma.o(i.HAL_DMA_Init)
    HAL_DMA_Start_IT                         0x08000e69   Thumb Code    78  stm32l0xx_hal_dma.o(i.HAL_DMA_Start_IT)
    HAL_Delay                                0x08000eb7   Thumb Code    22  stm32l0xx_hal.o(i.HAL_Delay)
    HAL_GPIO_Init                            0x08000ecd   Thumb Code   312  stm32l0xx_hal_gpio.o(i.HAL_GPIO_Init)
    HAL_GPIO_WritePin                        0x08001021   Thumb Code    12  stm32l0xx_hal_gpio.o(i.HAL_GPIO_WritePin)
    HAL_GetTick                              0x0800102d   Thumb Code     6  stm32l0xx_hal.o(i.HAL_GetTick)
    HAL_I2CEx_ConfigAnalogFilter             0x08001039   Thumb Code    74  stm32l0xx_hal_i2c_ex.o(i.HAL_I2CEx_ConfigAnalogFilter)
    HAL_I2CEx_ConfigDigitalFilter            0x08001083   Thumb Code    72  stm32l0xx_hal_i2c_ex.o(i.HAL_I2CEx_ConfigDigitalFilter)
    HAL_I2CEx_EnableFastModePlus             0x080010cd   Thumb Code    20  stm32l0xx_hal_i2c_ex.o(i.HAL_I2CEx_EnableFastModePlus)
    HAL_I2C_GetError                         0x080010e9   Thumb Code     4  stm32l0xx_hal_i2c.o(i.HAL_I2C_GetError)
    HAL_I2C_Init                             0x080010ed   Thumb Code   176  stm32l0xx_hal_i2c.o(i.HAL_I2C_Init)
    HAL_I2C_Master_Transmit                  0x080011a1   Thumb Code   274  stm32l0xx_hal_i2c.o(i.HAL_I2C_Master_Transmit)
    HAL_I2C_MspInit                          0x080012b9   Thumb Code    54  i2c.o(i.HAL_I2C_MspInit)
    HAL_IncTick                              0x080012fd   Thumb Code    10  stm32l0xx_hal.o(i.HAL_IncTick)
    HAL_Init                                 0x0800130d   Thumb Code    26  stm32l0xx_hal.o(i.HAL_Init)
    HAL_InitTick                             0x0800132d   Thumb Code    34  stm32l0xx_hal.o(i.HAL_InitTick)
    HAL_MspInit                              0x08001355   Thumb Code    52  stm32l0xx_hal_msp.o(i.HAL_MspInit)
    HAL_NVIC_EnableIRQ                       0x0800138d   Thumb Code    14  stm32l0xx_hal_cortex.o(i.HAL_NVIC_EnableIRQ)
    HAL_NVIC_SetPriority                     0x080013a1   Thumb Code     8  stm32l0xx_hal_cortex.o(i.HAL_NVIC_SetPriority)
    HAL_RCCEx_GetPeriphCLKFreq               0x080013a9   Thumb Code   300  stm32l0xx_hal_rcc_ex.o(i.HAL_RCCEx_GetPeriphCLKFreq)
    HAL_RCCEx_PeriphCLKConfig                0x080014f1   Thumb Code   358  stm32l0xx_hal_rcc_ex.o(i.HAL_RCCEx_PeriphCLKConfig)
    HAL_RCC_ClockConfig                      0x08001665   Thumb Code   340  stm32l0xx_hal_rcc.o(i.HAL_RCC_ClockConfig)
    HAL_RCC_GetHCLKFreq                      0x080017cd   Thumb Code     6  stm32l0xx_hal_rcc.o(i.HAL_RCC_GetHCLKFreq)
    HAL_RCC_GetPCLK1Freq                     0x080017d9   Thumb Code    20  stm32l0xx_hal_rcc.o(i.HAL_RCC_GetPCLK1Freq)
    HAL_RCC_GetPCLK2Freq                     0x080017f9   Thumb Code    20  stm32l0xx_hal_rcc.o(i.HAL_RCC_GetPCLK2Freq)
    HAL_RCC_GetSysClockFreq                  0x08001819   Thumb Code   102  stm32l0xx_hal_rcc.o(i.HAL_RCC_GetSysClockFreq)
    HAL_RCC_OscConfig                        0x08001895   Thumb Code   974  stm32l0xx_hal_rcc.o(i.HAL_RCC_OscConfig)
    HAL_SPI_ErrorCallback                    0x08001c81   Thumb Code     2  stm32l0xx_hal_spi.o(i.HAL_SPI_ErrorCallback)
    HAL_SPI_Init                             0x08001c83   Thumb Code   132  stm32l0xx_hal_spi.o(i.HAL_SPI_Init)
    HAL_SPI_MspInit                          0x08001d09   Thumb Code   150  spi.o(i.HAL_SPI_MspInit)
    HAL_SPI_RxCpltCallback                   0x08001db1   Thumb Code     2  stm32l0xx_hal_spi.o(i.HAL_SPI_RxCpltCallback)
    HAL_SPI_RxHalfCpltCallback               0x08001db3   Thumb Code     2  stm32l0xx_hal_spi.o(i.HAL_SPI_RxHalfCpltCallback)
    HAL_SPI_TransmitReceive_DMA              0x08001db5   Thumb Code   236  stm32l0xx_hal_spi.o(i.HAL_SPI_TransmitReceive_DMA)
    HAL_SPI_TxRxCpltCallback                 0x08001eb5   Thumb Code     2  stm32l0xx_hal_spi.o(i.HAL_SPI_TxRxCpltCallback)
    HAL_SPI_TxRxHalfCpltCallback             0x08001eb7   Thumb Code     2  stm32l0xx_hal_spi.o(i.HAL_SPI_TxRxHalfCpltCallback)
    HAL_SYSTICK_CLKSourceConfig              0x08001eb9   Thumb Code    20  stm32l0xx_hal_cortex.o(i.HAL_SYSTICK_CLKSourceConfig)
    HAL_SYSTICK_Callback                     0x08001ed1   Thumb Code     2  stm32l0xx_hal_cortex.o(i.HAL_SYSTICK_Callback)
    HAL_SYSTICK_Config                       0x08001ed5   Thumb Code    38  stm32l0xx_hal_cortex.o(i.HAL_SYSTICK_Config)
    HAL_SYSTICK_IRQHandler                   0x08001f05   Thumb Code     8  stm32l0xx_hal_cortex.o(i.HAL_SYSTICK_IRQHandler)
    HAL_UART_Init                            0x08001f0d   Thumb Code   108  stm32l0xx_hal_uart.o(i.HAL_UART_Init)
    HAL_UART_MspInit                         0x08001f79   Thumb Code    60  usart.o(i.HAL_UART_MspInit)
    HW_SPI_InOut                             0x08001fbd   Thumb Code    22  sx1276-hal.o(i.HW_SPI_InOut)
    HardFault_Handler                        0x08001fd9   Thumb Code     2  stm32l0xx_it.o(i.HardFault_Handler)
    MX_ADC_Init                              0x0800217d   Thumb Code   172  adc.o(i.MX_ADC_Init)
    MX_DMA_Init                              0x08002241   Thumb Code    36  dma.o(i.MX_DMA_Init)
    MX_GPIO_Init                             0x08002269   Thumb Code   222  gpio.o(i.MX_GPIO_Init)
    MX_I2C1_Init                             0x08002355   Thumb Code    86  i2c.o(i.MX_I2C1_Init)
    MX_SPI1_Init                             0x080023b5   Thumb Code    58  spi.o(i.MX_SPI1_Init)
    MX_USART1_UART_Init                      0x080023f9   Thumb Code    50  usart.o(i.MX_USART1_UART_Init)
    NMI_Handler                              0x08002435   Thumb Code     2  stm32l0xx_it.o(i.NMI_Handler)
    OLED_Clear                               0x0800247d   Thumb Code    58  oled.o(i.OLED_Clear)
    OLED_Init                                0x080024b7   Thumb Code   198  oled.o(i.OLED_Init)
    OLED_Set_Pos                             0x0800257d   Thumb Code    38  oled.o(i.OLED_Set_Pos)
    OLED_ShowChar                            0x080025a5   Thumb Code   124  oled.o(i.OLED_ShowChar)
    OLED_ShowNum                             0x08002629   Thumb Code   108  oled.o(i.OLED_ShowNum)
    OLED_ShowString                          0x08002695   Thumb Code    52  oled.o(i.OLED_ShowString)
    OLED_WR_Byte                             0x080026c9   Thumb Code    22  oled.o(i.OLED_WR_Byte)
    OnSlave                                  0x080026e1   Thumb Code   150  main.o(i.OnSlave)
    PendSV_Handler                           0x08002781   Thumb Code     2  stm32l0xx_it.o(i.PendSV_Handler)
    RFRead                                   0x080027f5   Thumb Code    42  main.o(i.RFRead)
    RFWrite                                  0x08002825   Thumb Code    36  main.o(i.RFWrite)
    RadioDriverInit                          0x0800284d   Thumb Code    28  radio.o(i.RadioDriverInit)
    SVC_Handler                              0x08002ad7   Thumb Code     2  stm32l0xx_it.o(i.SVC_Handler)
    SX1276FskGetPacketPayloadSize            0x08002ad9   Thumb Code    46  sx1276-fsk.o(i.SX1276FskGetPacketPayloadSize)
    SX1276FskGetRxPacket                     0x08002b0d   Thumb Code    22  sx1276-fsk.o(i.SX1276FskGetRxPacket)
    SX1276FskProcess                         0x08002b2d   Thumb Code   812  sx1276-fsk.o(i.SX1276FskProcess)
    SX1276FskReadAfc                         0x08002e71   Thumb Code    46  sx1276-fsk.o(i.SX1276FskReadAfc)
    SX1276FskReadRssi                        0x08002ea9   Thumb Code    32  sx1276-fsk.o(i.SX1276FskReadRssi)
    SX1276FskReadRxGain                      0x08002ed1   Thumb Code    22  sx1276-fsk.o(i.SX1276FskReadRxGain)
    SX1276FskSetOpMode                       0x08002eed   Thumb Code    60  sx1276-fsk.o(i.SX1276FskSetOpMode)
    SX1276FskSetRFState                      0x08002f2d   Thumb Code     6  sx1276-fsk.o(i.SX1276FskSetRFState)
    SX1276FskSetTxPacket                     0x08002f39   Thumb Code    22  sx1276-fsk.o(i.SX1276FskSetTxPacket)
    SX1276GetRxPacket                        0x08002f59   Thumb Code    22  sx1276.o(i.SX1276GetRxPacket)
    SX1276Init                               0x08002f75   Thumb Code    36  sx1276.o(i.SX1276Init)
    SX1276InitIo                             0x08002fa9   Thumb Code     2  sx1276-hal.o(i.SX1276InitIo)
    SX1276LoRaGetPacketRssi                  0x08002fad   Thumb Code     8  sx1276-lora.o(i.SX1276LoRaGetPacketRssi)
    SX1276LoRaGetRxPacket                    0x08002fb9   Thumb Code    20  sx1276-lora.o(i.SX1276LoRaGetRxPacket)
    SX1276LoRaInit                           0x08002fd5   Thumb Code   148  sx1276-lora.o(i.SX1276LoRaInit)
    SX1276LoRaProcess                        0x08003079   Thumb Code  1084  sx1276-lora.o(i.SX1276LoRaProcess)
    SX1276LoRaReadRxGain                     0x080034b5   Thumb Code    22  sx1276-lora.o(i.SX1276LoRaReadRxGain)
    SX1276LoRaSetDefaults                    0x080034d1   Thumb Code    16  sx1276-lora.o(i.SX1276LoRaSetDefaults)
    SX1276LoRaSetErrorCoding                 0x080034e5   Thumb Code    44  sx1276-loramisc.o(i.SX1276LoRaSetErrorCoding)
    SX1276LoRaSetImplicitHeaderOn            0x08003519   Thumb Code    40  sx1276-loramisc.o(i.SX1276LoRaSetImplicitHeaderOn)
    SX1276LoRaSetLowDatarateOptimize         0x08003549   Thumb Code    40  sx1276-loramisc.o(i.SX1276LoRaSetLowDatarateOptimize)
    SX1276LoRaSetNbTrigPeaks                 0x08003575   Thumb Code    38  sx1276-loramisc.o(i.SX1276LoRaSetNbTrigPeaks)
    SX1276LoRaSetOpMode                      0x080035a1   Thumb Code    60  sx1276-lora.o(i.SX1276LoRaSetOpMode)
    SX1276LoRaSetPAOutput                    0x080035e1   Thumb Code    36  sx1276-loramisc.o(i.SX1276LoRaSetPAOutput)
    SX1276LoRaSetPa20dBm                     0x08003609   Thumb Code    60  sx1276-loramisc.o(i.SX1276LoRaSetPa20dBm)
    SX1276LoRaSetPacketCrcOn                 0x08003649   Thumb Code    42  sx1276-loramisc.o(i.SX1276LoRaSetPacketCrcOn)
    SX1276LoRaSetPayloadLength               0x0800367d   Thumb Code    26  sx1276-loramisc.o(i.SX1276LoRaSetPayloadLength)
    SX1276LoRaSetRFFrequency                 0x080036a1   Thumb Code    48  sx1276-loramisc.o(i.SX1276LoRaSetRFFrequency)
    SX1276LoRaSetRFPower                     0x080036dd   Thumb Code   144  sx1276-loramisc.o(i.SX1276LoRaSetRFPower)
    SX1276LoRaSetRFState                     0x08003775   Thumb Code     6  sx1276-lora.o(i.SX1276LoRaSetRFState)
    SX1276LoRaSetSignalBandwidth             0x08003781   Thumb Code    44  sx1276-loramisc.o(i.SX1276LoRaSetSignalBandwidth)
    SX1276LoRaSetSpreadingFactor             0x080037b5   Thumb Code    74  sx1276-loramisc.o(i.SX1276LoRaSetSpreadingFactor)
    SX1276LoRaSetSymbTimeout                 0x08003809   Thumb Code    48  sx1276-loramisc.o(i.SX1276LoRaSetSymbTimeout)
    SX1276LoRaSetTxPacket                    0x0800383d   Thumb Code    22  sx1276-lora.o(i.SX1276LoRaSetTxPacket)
    SX1276Process                            0x0800385d   Thumb Code    22  sx1276.o(i.SX1276Process)
    SX1276Read                               0x08003879   Thumb Code    10  sx1276-hal.o(i.SX1276Read)
    SX1276ReadBuffer                         0x08003885   Thumb Code    58  sx1276-hal.o(i.SX1276ReadBuffer)
    SX1276ReadFifo                           0x080038c5   Thumb Code    14  sx1276-hal.o(i.SX1276ReadFifo)
    SX1276Reset                              0x080038d5   Thumb Code    48  sx1276.o(i.SX1276Reset)
    SX1276SetLoRaOn                          0x08003909   Thumb Code   116  sx1276.o(i.SX1276SetLoRaOn)
    SX1276SetTxPacket                        0x08003989   Thumb Code    22  sx1276.o(i.SX1276SetTxPacket)
    SX1276StartRx                            0x080039a5   Thumb Code    26  sx1276.o(i.SX1276StartRx)
    SX1276Write                              0x080039c5   Thumb Code    12  sx1276-hal.o(i.SX1276Write)
    SX1276WriteBuffer                        0x080039d1   Thumb Code    56  sx1276-hal.o(i.SX1276WriteBuffer)
    SX1276WriteFifo                          0x08003a0d   Thumb Code    14  sx1276-hal.o(i.SX1276WriteFifo)
    SX1276WriteRxTx                          0x08003a1d   Thumb Code    38  sx1276-hal.o(i.SX1276WriteRxTx)
    SysTick_Handler                          0x08003a49   Thumb Code    12  stm32l0xx_it.o(i.SysTick_Handler)
    SystemClock_Config                       0x08003a55   Thumb Code   130  main.o(i.SystemClock_Config)
    SystemInit                               0x08003add   Thumb Code    66  system_stm32l0xx.o(i.SystemInit)
    UART_AdvFeatureConfig                    0x08003b31   Thumb Code   202  stm32l0xx_hal_uart.o(i.UART_AdvFeatureConfig)
    UART_CheckIdleState                      0x08003bfd   Thumb Code    90  stm32l0xx_hal_uart.o(i.UART_CheckIdleState)
    UART_SetConfig                           0x08003c5d   Thumb Code   498  stm32l0xx_hal_uart.o(i.UART_SetConfig)
    UART_WaitOnFlagUntilTimeout              0x08003e79   Thumb Code    96  stm32l0xx_hal_uart.o(i.UART_WaitOnFlagUntilTimeout)
    Write_IIC_Command                        0x08003ed9   Thumb Code    50  oled.o(i.Write_IIC_Command)
    Write_IIC_Data                           0x08003f11   Thumb Code    52  oled.o(i.Write_IIC_Data)
    __ARM_clz                                0x08003f4d   Thumb Code    46  depilogue.o(i.__ARM_clz)
    __ARM_common_switch8                     0x08003f7b   Thumb Code    26  sx1276-fsk.o(i.__ARM_common_switch8)
    __scatterload_copy                       0x08003f95   Thumb Code    14  handlers.o(i.__scatterload_copy)
    __scatterload_null                       0x08003fa3   Thumb Code     2  handlers.o(i.__scatterload_null)
    __scatterload_zeroinit                   0x08003fa5   Thumb Code    14  handlers.o(i.__scatterload_zeroinit)
    main                                     0x08003fb5   Thumb Code   322  main.o(i.main)
    oled_pow                                 0x08004145   Thumb Code    20  oled.o(i.oled_pow)
    round                                    0x08004159   Thumb Code   142  round.o(i.round)
    HoppingFrequencies                       0x080041f4   Data         204  sx1276-lora.o(.constdata)
    F6x8                                     0x080042c0   Data         552  oled.o(.constdata)
    F8X16                                    0x080044e8   Data        1520  oled.o(.constdata)
    AHBPrescTable                            0x08004ad8   Data          16  system_stm32l0xx.o(.constdata)
    PLLMulTable                              0x08004ae8   Data           9  system_stm32l0xx.o(.constdata)
    APBPrescTable                            0x08004af1   Data           8  system_stm32l0xx.o(.constdata)
    Region$$Table$$Base                      0x08004afc   Number         0  anon$$obj.o(Region$$Table)
    Region$$Table$$Limit                     0x08004b1c   Number         0  anon$$obj.o(Region$$Table)
    Radio                                    0x20000004   Data           4  main.o(.data)
    SX1276                                   0x2000004c   Data           4  sx1276-fsk.o(.data)
    FskSettings                              0x20000068   Data          28  sx1276-fsk.o(.data)
    SX1276LR                                 0x20000098   Data           4  sx1276-lora.o(.data)
    LoRaSettings                             0x200000a8   Data          28  sx1276-lora.o(.data)
    SystemCoreClock                          0x200000c4   Data           4  system_stm32l0xx.o(.data)
    uwTick                                   0x200000c8   Data           4  stm32l0xx_hal.o(.data)
    hi2c1                                    0x200000cc   Data          76  i2c.o(.bss)
    huart1                                   0x20000118   Data         112  usart.o(.bss)
    hadc                                     0x20000188   Data          96  adc.o(.bss)
    hspi1                                    0x200001e8   Data          88  spi.o(.bss)
    hdma_spi1_tx                             0x20000240   Data          64  spi.o(.bss)
    hdma_spi1_rx                             0x20000280   Data          64  spi.o(.bss)
    RadioDriver                              0x200002c0   Data          24  radio.o(.bss)
    SX1276Regs                               0x200002d8   Data         112  sx1276.o(.bss)
    __initial_sp                             0x20000948   Data           0  startup_stm32l051xx.o(STACK)



==============================================================================

Memory Map of the image

  Image Entry point : 0x080000c1

  Load Region LR_IROM1 (Base: 0x08000000, Size: 0x00004be8, Max: 0x00010000, ABSOLUTE)

    Execution Region ER_IROM1 (Base: 0x08000000, Size: 0x00004b1c, Max: 0x00010000, ABSOLUTE)

    Base Addr    Size         Type   Attr      Idx    E Section Name        Object

    0x08000000   0x000000c0   Data   RO         1597    RESET               startup_stm32l051xx.o
    0x080000c0   0x00000000   Code   RO         4017  * .ARM.Collect$$$$00000000  mc_p.l(entry.o)
    0x080000c0   0x00000004   Code   RO         4075    .ARM.Collect$$$$00000001  mc_p.l(entry2.o)
    0x080000c4   0x00000004   Code   RO         4078    .ARM.Collect$$$$00000004  mc_p.l(entry5.o)
    0x080000c8   0x00000000   Code   RO         4080    .ARM.Collect$$$$00000008  mc_p.l(entry7b.o)
    0x080000c8   0x00000000   Code   RO         4082    .ARM.Collect$$$$0000000A  mc_p.l(entry8b.o)
    0x080000c8   0x00000008   Code   RO         4083    .ARM.Collect$$$$0000000B  mc_p.l(entry9a.o)
    0x080000d0   0x00000000   Code   RO         4085    .ARM.Collect$$$$0000000D  mc_p.l(entry10a.o)
    0x080000d0   0x00000000   Code   RO         4087    .ARM.Collect$$$$0000000F  mc_p.l(entry11a.o)
    0x080000d0   0x00000004   Code   RO         4076    .ARM.Collect$$$$00002712  mc_p.l(entry2.o)
    0x080000d4   0x0000001c   Code   RO         1598    .text               startup_stm32l051xx.o
    0x080000f0   0x0000002c   Code   RO         4020    .text               mc_p.l(uidiv.o)
    0x0800011c   0x00000060   Code   RO         4022    .text               mc_p.l(uldiv.o)
    0x0800017c   0x00000024   Code   RO         4024    .text               mc_p.l(memcpya.o)
    0x080001a0   0x00000024   Code   RO         4026    .text               mc_p.l(memseta.o)
    0x080001c4   0x00000164   Code   RO         4030    .text               mf_p.l(dadd.o)
    0x08000328   0x000000d0   Code   RO         4032    .text               mf_p.l(dmul.o)
    0x080003f8   0x000000f0   Code   RO         4034    .text               mf_p.l(ddiv.o)
    0x080004e8   0x0000002c   Code   RO         4036    .text               mf_p.l(dscalb.o)
    0x08000514   0x00000028   Code   RO         4038    .text               mf_p.l(dflti.o)
    0x0800053c   0x0000001c   Code   RO         4040    .text               mf_p.l(dfltui.o)
    0x08000558   0x00000048   Code   RO         4042    .text               mf_p.l(dfixi.o)
    0x080005a0   0x0000003c   Code   RO         4044    .text               mf_p.l(dfixui.o)
    0x080005dc   0x00000028   Code   RO         4046    .text               mf_p.l(cdcmple.o)
    0x08000604   0x00000020   Code   RO         4089    .text               mc_p.l(llshl.o)
    0x08000624   0x00000022   Code   RO         4091    .text               mc_p.l(llushr.o)
    0x08000646   0x00000026   Code   RO         4093    .text               mc_p.l(llsshr.o)
    0x0800066c   0x00000000   Code   RO         4102    .text               mc_p.l(iusefp.o)
    0x0800066c   0x000000be   Code   RO         4103    .text               mf_p.l(depilogue.o)
    0x0800072a   0x00000002   PAD
    0x0800072c   0x0000007c   Code   RO         4107    .text               mf_p.l(drnd.o)
    0x080007a8   0x00000028   Code   RO         4109    .text               mf_p.l(cdrcmple.o)
    0x080007d0   0x00000024   Code   RO         4111    .text               mc_p.l(init.o)
    0x080007f4   0x00000024   Code   RO         2535    i.ADC_DelayMicroSecond  stm32l0xx_hal_adc.o
    0x08000818   0x00000018   Code   RO          127    i.DMA1_Channel2_3_IRQHandler  stm32l0xx_it.o
    0x08000830   0x0000001e   Code   RO         2352    i.DMA_SetConfig     stm32l0xx_hal_dma.o
    0x0800084e   0x00000002   Code   RO          181    i.Error_Handler     main.o
    0x08000850   0x00000094   Code   RO         2539    i.HAL_ADC_ConfigChannel  stm32l0xx_hal_adc.o
    0x080008e4   0x000001c4   Code   RO         2548    i.HAL_ADC_Init      stm32l0xx_hal_adc.o
    0x08000aa8   0x00000038   Code   RO          376    i.HAL_ADC_MspInit   adc.o
    0x08000ae0   0x00000280   Code   RO         2358    i.HAL_DMA_IRQHandler  stm32l0xx_hal_dma.o
    0x08000d60   0x00000108   Code   RO         2359    i.HAL_DMA_Init      stm32l0xx_hal_dma.o
    0x08000e68   0x0000004e   Code   RO         2362    i.HAL_DMA_Start_IT  stm32l0xx_hal_dma.o
    0x08000eb6   0x00000016   Code   RO         3399    i.HAL_Delay         stm32l0xx_hal.o
    0x08000ecc   0x00000154   Code   RO         2925    i.HAL_GPIO_Init     stm32l0xx_hal_gpio.o
    0x08001020   0x0000000c   Code   RO         2929    i.HAL_GPIO_WritePin  stm32l0xx_hal_gpio.o
    0x0800102c   0x0000000c   Code   RO         3403    i.HAL_GetTick       stm32l0xx_hal.o
    0x08001038   0x0000004a   Code   RO         2984    i.HAL_I2CEx_ConfigAnalogFilter  stm32l0xx_hal_i2c_ex.o
    0x08001082   0x00000048   Code   RO         2985    i.HAL_I2CEx_ConfigDigitalFilter  stm32l0xx_hal_i2c_ex.o
    0x080010ca   0x00000002   PAD
    0x080010cc   0x0000001c   Code   RO         2988    i.HAL_I2CEx_EnableFastModePlus  stm32l0xx_hal_i2c_ex.o
    0x080010e8   0x00000004   Code   RO         1646    i.HAL_I2C_GetError  stm32l0xx_hal_i2c.o
    0x080010ec   0x000000b4   Code   RO         1649    i.HAL_I2C_Init      stm32l0xx_hal_i2c.o
    0x080011a0   0x00000118   Code   RO         1660    i.HAL_I2C_Master_Transmit  stm32l0xx_hal_i2c.o
    0x080012b8   0x00000044   Code   RO          300    i.HAL_I2C_MspInit   i2c.o
    0x080012fc   0x00000010   Code   RO         3404    i.HAL_IncTick       stm32l0xx_hal.o
    0x0800130c   0x00000020   Code   RO         3405    i.HAL_Init          stm32l0xx_hal.o
    0x0800132c   0x00000028   Code   RO         3406    i.HAL_InitTick      stm32l0xx_hal.o
    0x08001354   0x00000038   Code   RO          413    i.HAL_MspInit       stm32l0xx_hal_msp.o
    0x0800138c   0x00000014   Code   RO         2434    i.HAL_NVIC_EnableIRQ  stm32l0xx_hal_cortex.o
    0x080013a0   0x00000008   Code   RO         2438    i.HAL_NVIC_SetPriority  stm32l0xx_hal_cortex.o
    0x080013a8   0x00000148   Code   RO         3617    i.HAL_RCCEx_GetPeriphCLKFreq  stm32l0xx_hal_rcc_ex.o
    0x080014f0   0x00000174   Code   RO         3620    i.HAL_RCCEx_PeriphCLKConfig  stm32l0xx_hal_rcc_ex.o
    0x08001664   0x00000168   Code   RO         3676    i.HAL_RCC_ClockConfig  stm32l0xx_hal_rcc.o
    0x080017cc   0x0000000c   Code   RO         3680    i.HAL_RCC_GetHCLKFreq  stm32l0xx_hal_rcc.o
    0x080017d8   0x00000020   Code   RO         3682    i.HAL_RCC_GetPCLK1Freq  stm32l0xx_hal_rcc.o
    0x080017f8   0x00000020   Code   RO         3683    i.HAL_RCC_GetPCLK2Freq  stm32l0xx_hal_rcc.o
    0x08001818   0x0000007c   Code   RO         3684    i.HAL_RCC_GetSysClockFreq  stm32l0xx_hal_rcc.o
    0x08001894   0x000003ec   Code   RO         3687    i.HAL_RCC_OscConfig  stm32l0xx_hal_rcc.o
    0x08001c80   0x00000002   Code   RO         3776    i.HAL_SPI_ErrorCallback  stm32l0xx_hal_spi.o
    0x08001c82   0x00000084   Code   RO         3780    i.HAL_SPI_Init      stm32l0xx_hal_spi.o
    0x08001d06   0x00000002   PAD
    0x08001d08   0x000000a8   Code   RO          434    i.HAL_SPI_MspInit   spi.o
    0x08001db0   0x00000002   Code   RO         3786    i.HAL_SPI_RxCpltCallback  stm32l0xx_hal_spi.o
    0x08001db2   0x00000002   Code   RO         3787    i.HAL_SPI_RxHalfCpltCallback  stm32l0xx_hal_spi.o
    0x08001db4   0x00000100   Code   RO         3790    i.HAL_SPI_TransmitReceive_DMA  stm32l0xx_hal_spi.o
    0x08001eb4   0x00000002   Code   RO         3796    i.HAL_SPI_TxRxCpltCallback  stm32l0xx_hal_spi.o
    0x08001eb6   0x00000002   Code   RO         3797    i.HAL_SPI_TxRxHalfCpltCallback  stm32l0xx_hal_spi.o
    0x08001eb8   0x00000018   Code   RO         2440    i.HAL_SYSTICK_CLKSourceConfig  stm32l0xx_hal_cortex.o
    0x08001ed0   0x00000002   Code   RO         2441    i.HAL_SYSTICK_Callback  stm32l0xx_hal_cortex.o
    0x08001ed2   0x00000002   PAD
    0x08001ed4   0x00000030   Code   RO         2442    i.HAL_SYSTICK_Config  stm32l0xx_hal_cortex.o
    0x08001f04   0x00000008   Code   RO         2443    i.HAL_SYSTICK_IRQHandler  stm32l0xx_hal_cortex.o
    0x08001f0c   0x0000006c   Code   RO         3060    i.HAL_UART_Init     stm32l0xx_hal_uart.o
    0x08001f78   0x00000044   Code   RO          338    i.HAL_UART_MspInit  usart.o
    0x08001fbc   0x0000001c   Code   RO          985    i.HW_SPI_InOut      sx1276-hal.o
    0x08001fd8   0x00000002   Code   RO          128    i.HardFault_Handler  stm32l0xx_it.o
    0x08001fda   0x00000022   Code   RO         1691    i.I2C_Flush_TXDR    stm32l0xx_hal_i2c.o
    0x08001ffc   0x00000074   Code   RO         1699    i.I2C_IsAcknowledgeFailed  stm32l0xx_hal_i2c.o
    0x08002070   0x00000024   Code   RO         1706    i.I2C_TransferConfig  stm32l0xx_hal_i2c.o
    0x08002094   0x00000048   Code   RO         1707    i.I2C_WaitOnFlagUntilTimeout  stm32l0xx_hal_i2c.o
    0x080020dc   0x0000004e   Code   RO         1709    i.I2C_WaitOnSTOPFlagUntilTimeout  stm32l0xx_hal_i2c.o
    0x0800212a   0x00000052   Code   RO         1710    i.I2C_WaitOnTXISFlagUntilTimeout  stm32l0xx_hal_i2c.o
    0x0800217c   0x000000c4   Code   RO          377    i.MX_ADC_Init       adc.o
    0x08002240   0x00000028   Code   RO          471    i.MX_DMA_Init       dma.o
    0x08002268   0x000000ec   Code   RO            3    i.MX_GPIO_Init      gpio.o
    0x08002354   0x00000060   Code   RO          301    i.MX_I2C1_Init      i2c.o
    0x080023b4   0x00000044   Code   RO          435    i.MX_SPI1_Init      spi.o
    0x080023f8   0x0000003c   Code   RO          339    i.MX_USART1_UART_Init  usart.o
    0x08002434   0x00000002   Code   RO          129    i.NMI_Handler       stm32l0xx_it.o
    0x08002436   0x00000002   PAD
    0x08002438   0x00000044   Code   RO         2444    i.NVIC_SetPriority  stm32l0xx_hal_cortex.o
    0x0800247c   0x0000003a   Code   RO         1475    i.OLED_Clear        oled.o
    0x080024b6   0x000000c6   Code   RO         1479    i.OLED_Init         oled.o
    0x0800257c   0x00000026   Code   RO         1481    i.OLED_Set_Pos      oled.o
    0x080025a2   0x00000002   PAD
    0x080025a4   0x00000084   Code   RO         1483    i.OLED_ShowChar     oled.o
    0x08002628   0x0000006c   Code   RO         1484    i.OLED_ShowNum      oled.o
    0x08002694   0x00000034   Code   RO         1485    i.OLED_ShowString   oled.o
    0x080026c8   0x00000016   Code   RO         1486    i.OLED_WR_Byte      oled.o
    0x080026de   0x00000002   PAD
    0x080026e0   0x000000a0   Code   RO          183    i.OnSlave           main.o
    0x08002780   0x00000002   Code   RO          130    i.PendSV_Handler    stm32l0xx_it.o
    0x08002782   0x00000002   PAD
    0x08002784   0x00000070   Code   RO         3688    i.RCC_SetFlashLatencyFromMSIRange  stm32l0xx_hal_rcc.o
    0x080027f4   0x00000030   Code   RO          184    i.RFRead            main.o
    0x08002824   0x00000028   Code   RO          185    i.RFWrite           main.o
    0x0800284c   0x00000038   Code   RO          491    i.RadioDriverInit   radio.o
    0x08002884   0x0000001e   Code   RO         3799    i.SPI_DMAError      stm32l0xx_hal_spi.o
    0x080028a2   0x0000000a   Code   RO         3800    i.SPI_DMAHalfReceiveCplt  stm32l0xx_hal_spi.o
    0x080028ac   0x0000000a   Code   RO         3802    i.SPI_DMAHalfTransmitReceiveCplt  stm32l0xx_hal_spi.o
    0x080028b6   0x000000bc   Code   RO         3803    i.SPI_DMAReceiveCplt  stm32l0xx_hal_spi.o
    0x08002972   0x000000c2   Code   RO         3805    i.SPI_DMATransmitReceiveCplt  stm32l0xx_hal_spi.o
    0x08002a34   0x000000a2   Code   RO         3810    i.SPI_WaitOnFlagUntilTimeout  stm32l0xx_hal_spi.o
    0x08002ad6   0x00000002   Code   RO          131    i.SVC_Handler       stm32l0xx_it.o
    0x08002ad8   0x00000034   Code   RO          646    i.SX1276FskGetPacketPayloadSize  sx1276-fsk.o
    0x08002b0c   0x00000020   Code   RO          650    i.SX1276FskGetRxPacket  sx1276-fsk.o
    0x08002b2c   0x00000344   Code   RO          652    i.SX1276FskProcess  sx1276-fsk.o
    0x08002e70   0x00000038   Code   RO          653    i.SX1276FskReadAfc  sx1276-fsk.o
    0x08002ea8   0x00000028   Code   RO          655    i.SX1276FskReadRssi  sx1276-fsk.o
    0x08002ed0   0x0000001c   Code   RO          656    i.SX1276FskReadRxGain  sx1276-fsk.o
    0x08002eec   0x00000040   Code   RO          658    i.SX1276FskSetOpMode  sx1276-fsk.o
    0x08002f2c   0x0000000c   Code   RO          659    i.SX1276FskSetRFState  sx1276-fsk.o
    0x08002f38   0x00000020   Code   RO          660    i.SX1276FskSetTxPacket  sx1276-fsk.o
    0x08002f58   0x0000001c   Code   RO          521    i.SX1276GetRxPacket  sx1276.o
    0x08002f74   0x00000034   Code   RO          522    i.SX1276Init        sx1276.o
    0x08002fa8   0x00000002   Code   RO          986    i.SX1276InitIo      sx1276-hal.o
    0x08002faa   0x00000002   PAD
    0x08002fac   0x0000000c   Code   RO         1096    i.SX1276LoRaGetPacketRssi  sx1276-lora.o
    0x08002fb8   0x0000001c   Code   RO         1100    i.SX1276LoRaGetRxPacket  sx1276-lora.o
    0x08002fd4   0x000000a4   Code   RO         1101    i.SX1276LoRaInit    sx1276-lora.o
    0x08003078   0x0000043c   Code   RO         1102    i.SX1276LoRaProcess  sx1276-lora.o
    0x080034b4   0x0000001c   Code   RO         1104    i.SX1276LoRaReadRxGain  sx1276-lora.o
    0x080034d0   0x00000014   Code   RO         1106    i.SX1276LoRaSetDefaults  sx1276-lora.o
    0x080034e4   0x00000034   Code   RO         1234    i.SX1276LoRaSetErrorCoding  sx1276-loramisc.o
    0x08003518   0x00000030   Code   RO         1237    i.SX1276LoRaSetImplicitHeaderOn  sx1276-loramisc.o
    0x08003548   0x0000002c   Code   RO         1238    i.SX1276LoRaSetLowDatarateOptimize  sx1276-loramisc.o
    0x08003574   0x0000002c   Code   RO         1239    i.SX1276LoRaSetNbTrigPeaks  sx1276-loramisc.o
    0x080035a0   0x00000040   Code   RO         1107    i.SX1276LoRaSetOpMode  sx1276-lora.o
    0x080035e0   0x00000028   Code   RO         1240    i.SX1276LoRaSetPAOutput  sx1276-loramisc.o
    0x08003608   0x00000040   Code   RO         1241    i.SX1276LoRaSetPa20dBm  sx1276-loramisc.o
    0x08003648   0x00000034   Code   RO         1243    i.SX1276LoRaSetPacketCrcOn  sx1276-loramisc.o
    0x0800367c   0x00000024   Code   RO         1244    i.SX1276LoRaSetPayloadLength  sx1276-loramisc.o
    0x080036a0   0x0000003c   Code   RO         1246    i.SX1276LoRaSetRFFrequency  sx1276-loramisc.o
    0x080036dc   0x00000098   Code   RO         1247    i.SX1276LoRaSetRFPower  sx1276-loramisc.o
    0x08003774   0x0000000c   Code   RO         1108    i.SX1276LoRaSetRFState  sx1276-lora.o
    0x08003780   0x00000034   Code   RO         1250    i.SX1276LoRaSetSignalBandwidth  sx1276-loramisc.o
    0x080037b4   0x00000054   Code   RO         1251    i.SX1276LoRaSetSpreadingFactor  sx1276-loramisc.o
    0x08003808   0x00000034   Code   RO         1252    i.SX1276LoRaSetSymbTimeout  sx1276-loramisc.o
    0x0800383c   0x00000020   Code   RO         1109    i.SX1276LoRaSetTxPacket  sx1276-lora.o
    0x0800385c   0x0000001c   Code   RO          523    i.SX1276Process     sx1276.o
    0x08003878   0x0000000a   Code   RO          987    i.SX1276Read        sx1276-hal.o
    0x08003882   0x00000002   PAD
    0x08003884   0x00000040   Code   RO          988    i.SX1276ReadBuffer  sx1276-hal.o
    0x080038c4   0x0000000e   Code   RO          995    i.SX1276ReadFifo    sx1276-hal.o
    0x080038d2   0x00000002   PAD
    0x080038d4   0x00000034   Code   RO          526    i.SX1276Reset       sx1276.o
    0x08003908   0x00000080   Code   RO          527    i.SX1276SetLoRaOn   sx1276.o
    0x08003988   0x0000001c   Code   RO          530    i.SX1276SetTxPacket  sx1276.o
    0x080039a4   0x00000020   Code   RO          531    i.SX1276StartRx     sx1276.o
    0x080039c4   0x0000000c   Code   RO          997    i.SX1276Write       sx1276-hal.o
    0x080039d0   0x0000003c   Code   RO          998    i.SX1276WriteBuffer  sx1276-hal.o
    0x08003a0c   0x0000000e   Code   RO          999    i.SX1276WriteFifo   sx1276-hal.o
    0x08003a1a   0x00000002   PAD
    0x08003a1c   0x0000002c   Code   RO         1000    i.SX1276WriteRxTx   sx1276-hal.o
    0x08003a48   0x0000000c   Code   RO          132    i.SysTick_Handler   stm32l0xx_it.o
    0x08003a54   0x00000088   Code   RO          186    i.SystemClock_Config  main.o
    0x08003adc   0x00000054   Code   RO         1605    i.SystemInit        system_stm32l0xx.o
    0x08003b30   0x000000ca   Code   RO         3073    i.UART_AdvFeatureConfig  stm32l0xx_hal_uart.o
    0x08003bfa   0x00000002   PAD
    0x08003bfc   0x00000060   Code   RO         3074    i.UART_CheckIdleState  stm32l0xx_hal_uart.o
    0x08003c5c   0x0000021c   Code   RO         3088    i.UART_SetConfig    stm32l0xx_hal_uart.o
    0x08003e78   0x00000060   Code   RO         3090    i.UART_WaitOnFlagUntilTimeout  stm32l0xx_hal_uart.o
    0x08003ed8   0x00000038   Code   RO         1487    i.Write_IIC_Command  oled.o
    0x08003f10   0x0000003c   Code   RO         1488    i.Write_IIC_Data    oled.o
    0x08003f4c   0x0000002e   Code   RO         4105    i.__ARM_clz         mf_p.l(depilogue.o)
    0x08003f7a   0x0000001a   Code   RO          767    i.__ARM_common_switch8  sx1276-fsk.o
    0x08003f94   0x0000000e   Code   RO         4117    i.__scatterload_copy  mc_p.l(handlers.o)
    0x08003fa2   0x00000002   Code   RO         4118    i.__scatterload_null  mc_p.l(handlers.o)
    0x08003fa4   0x0000000e   Code   RO         4119    i.__scatterload_zeroinit  mc_p.l(handlers.o)
    0x08003fb2   0x00000002   PAD
    0x08003fb4   0x00000190   Code   RO          187    i.main              main.o
    0x08004144   0x00000014   Code   RO         1490    i.oled_pow          oled.o
    0x08004158   0x0000009c   Code   RO         4015    i.round             m_ps.l(round.o)
    0x080041f4   0x000000cc   Data   RO         1112    .constdata          sx1276-lora.o
    0x080042c0   0x00000818   Data   RO         1491    .constdata          oled.o
    0x08004ad8   0x00000019   Data   RO         1606    .constdata          system_stm32l0xx.o
    0x08004af1   0x00000008   Data   RO         1607    .constdata          system_stm32l0xx.o
    0x08004af9   0x00000003   PAD
    0x08004afc   0x00000020   Data   RO         4115    Region$$Table       anon$$obj.o


    Execution Region RW_IRAM1 (Base: 0x20000000, Size: 0x00000948, Max: 0x00002000, ABSOLUTE)

    Base Addr    Size         Type   Attr      Idx    E Section Name        Object

    0x20000000   0x00000028   Data   RW          188    .data               main.o
    0x20000028   0x00000002   Data   RW          533    .data               sx1276.o
    0x2000002a   0x00000006   PAD
    0x20000030   0x00000054   Data   RW          663    .data               sx1276-fsk.o
    0x20000084   0x00000004   PAD
    0x20000088   0x0000003c   Data   RW         1113    .data               sx1276-lora.o
    0x200000c4   0x00000004   Data   RW         1608    .data               system_stm32l0xx.o
    0x200000c8   0x00000004   Data   RW         3415    .data               stm32l0xx_hal.o
    0x200000cc   0x0000004c   Zero   RW          302    .bss                i2c.o
    0x20000118   0x00000070   Zero   RW          340    .bss                usart.o
    0x20000188   0x00000060   Zero   RW          378    .bss                adc.o
    0x200001e8   0x000000d8   Zero   RW          436    .bss                spi.o
    0x200002c0   0x00000018   Zero   RW          492    .bss                radio.o
    0x200002d8   0x00000070   Zero   RW          532    .bss                sx1276.o
    0x20000348   0x00000100   Zero   RW          662    .bss                sx1276-fsk.o
    0x20000448   0x00000100   Zero   RW         1111    .bss                sx1276-lora.o
    0x20000548   0x00000400   Zero   RW         1595    STACK               startup_stm32l051xx.o


==============================================================================

Image component sizes


      Code (inc. data)   RO Data    RW Data    ZI Data      Debug   Object Name

       252         32          0          0         96       1467   adc.o
        40          4          0          0          0        646   dma.o
       236         14          0          0          0     314463   gpio.o
       164         24          0          0         76       1373   i2c.o
       786        104          0         40          0       5027   main.o
       744         22       2072          0          0       7341   oled.o
        56         28          0          0         24        964   radio.o
       236         28          0          0        216       1571   spi.o
        28          8        192          0       1024        564   startup_stm32l051xx.o
       122         24          0          4          0       3391   stm32l0xx_hal.o
       636         26          0          0          0       2771   stm32l0xx_hal_adc.o
       178         28          0          0          0      12003   stm32l0xx_hal_cortex.o
      1012         16          0          0          0       3591   stm32l0xx_hal_dma.o
       352         28          0          0          0       2300   stm32l0xx_hal_gpio.o
       882         20          0          0          0       8792   stm32l0xx_hal_i2c.o
       174          8          0          0          0       2334   stm32l0xx_hal_i2c_ex.o
        56          4          0          0          0        426   stm32l0xx_hal_msp.o
      1676        120          0          0          0       6696   stm32l0xx_hal_rcc.o
       700         42          0          0          0       2897   stm32l0xx_hal_rcc_ex.o
       992         20          0          0          0       8509   stm32l0xx_hal_spi.o
      1042         72          0          0          0       5101   stm32l0xx_hal_uart.o
        44          8          0          0          0       2360   stm32l0xx_it.o
      1178         98          0         84        256      34249   sx1276-fsk.o
       248         22          0          0          0       5045   sx1276-hal.o
      1444        116        204         60        256      18518   sx1276-lora.o
       780         96          0          0          0       7119   sx1276-loramisc.o
       348         56          0          2        112       4226   sx1276.o
        84         18         33          4          0       1103   system_stm32l0xx.o
       128         18          0          0        112       1402   usart.o

    ----------------------------------------------------------------------
     14642       1104       2536        204       2172     466249   Object Totals
         0          0         32          0          0          0   (incl. Generated)
        24          0          3         10          0          0   (incl. Padding)

    ----------------------------------------------------------------------

      Code (inc. data)   RO Data    RW Data    ZI Data      Debug   Library Member Name

       156         14          0          0          0         84   round.o
         0          0          0          0          0          0   entry.o
         0          0          0          0          0          0   entry10a.o
         0          0          0          0          0          0   entry11a.o
         8          4          0          0          0          0   entry2.o
         4          0          0          0          0          0   entry5.o
         0          0          0          0          0          0   entry7b.o
         0          0          0          0          0          0   entry8b.o
         8          4          0          0          0          0   entry9a.o
        30          0          0          0          0          0   handlers.o
        36          8          0          0          0         68   init.o
         0          0          0          0          0          0   iusefp.o
        32          0          0          0          0         68   llshl.o
        38          0          0          0          0         68   llsshr.o
        34          0          0          0          0         68   llushr.o
        36          0          0          0          0         60   memcpya.o
        36          0          0          0          0        100   memseta.o
        44          0          0          0          0         72   uidiv.o
        96          0          0          0          0         84   uldiv.o
        40          2          0          0          0         68   cdcmple.o
        40          2          0          0          0         68   cdrcmple.o
       356          4          0          0          0        140   dadd.o
       240          6          0          0          0         84   ddiv.o
       236          0          0          0          0        216   depilogue.o
        72         10          0          0          0         72   dfixi.o
        60         10          0          0          0         68   dfixui.o
        40          6          0          0          0         68   dflti.o
        28          4          0          0          0         68   dfltui.o
       208          6          0          0          0         88   dmul.o
       124         10          0          0          0         76   drnd.o
        44          0          0          0          0         72   dscalb.o

    ----------------------------------------------------------------------
      2050         90          0          0          0       1760   Library Totals
         4          0          0          0          0          0   (incl. Padding)

    ----------------------------------------------------------------------

      Code (inc. data)   RO Data    RW Data    ZI Data      Debug   Library Name

       156         14          0          0          0         84   m_ps.l
       402         16          0          0          0        588   mc_p.l
      1488         60          0          0          0       1088   mf_p.l

    ----------------------------------------------------------------------
      2050         90          0          0          0       1760   Library Totals

    ----------------------------------------------------------------------

==============================================================================


      Code (inc. data)   RO Data    RW Data    ZI Data      Debug   

     16692       1194       2536        204       2172     461149   Grand Totals
     16692       1194       2536        204       2172     461149   ELF Image Totals
     16692       1194       2536        204          0          0   ROM Totals

==============================================================================

    Total RO  Size (Code + RO Data)                19228 (  18.78kB)
    Total RW  Size (RW Data + ZI Data)              2376 (   2.32kB)
    Total ROM Size (Code + RO Data + RW Data)      19432 (  18.98kB)

==============================================================================

